ARM {"t":55,"bundle":"935a966-dirty"}
SUMMARY {"frames": 6661, "framesWithPatch": 4273, "lateFrames": 1270, "snapshots": 323, "reads": 245, "cuts": 40, "phantom": {"blurredTrackPasses": 255, "coastingPasses": 83, "coastMsP50": 946, "coastMsP95": 2068, "coastMsMax": 3305, "abstainedReads": 51}, "lifeDelta": {"cutDetected": 40, "passDropped": 21, "nullDropped": 13, "nullMintedHeld": 1, "delayVerdictLate": 0, "birthFresh": 20, "birthContended": 9, "birthNearMiss": 6, "coastExpired": 23, "wipeErased": 6, "wipeErasedBlurred": 11, "personPassSkipped": 54, "positionPassSkipped": 1, "genderReadSkipped": 0, "readAbstain": 82, "readClearCertain": 74, "readUncertain": 29, "bodyClampFired": 5, "faceNoShape": 2, "memClear": 62, "memHit": 0, "memMiss": 0, "memStore": 0, "memInstant": 0, "birthCleared": 8, "birthBlurred": 27, "nullMatched": 11, "cutCoastExpired": 18}, "slots": [1, 2, 0, 0, 0, 0, 0, 0, 0, 0, 0, 0, 2, 2, 2, 2, 2, 0, 0, 0, 0, 0, 2, 2, 3, 2, 2, 2, 2, 4, 2, 4, 4, 3, 2, 1, 1, 1, 1, 1], "nativeDead": null, "delayMs": 1000}
EXPOSURE {"births": 27, "birthsWithUncoveredFrames": 16, "uncoveredFramesTotal": 299, "late": 299, "cutOmitted": 157, "other": -157, "readAtPrevRefused": 22}
  X {"id": 6, "m0": 55.555, "prev": 25.592, "gapMs": 29963, "f": 0, "lv": "uncertain", "framesInWindow": 120, "uncovered": 103, "late": 103, "cutOmitted": 103, "other": -103, "readAtPrev": {"g": "male", "s": 0.95, "ab": 0, "v": 0.977, "nm": 12.31}}
  X {"id": 10, "m0": 89.856, "prev": 89.122, "gapMs": 734, "f": 0, "lv": "uncertain", "framesInWindow": 23, "uncovered": 6, "late": 6, "cutOmitted": 6, "other": -6, "readAtPrev": null}
  X {"id": 12, "m0": 98.165, "prev": 97.831, "gapMs": 334, "f": 0, "lv": "flag-certain", "framesInWindow": 17, "uncovered": 12, "late": 12, "cutOmitted": 0, "other": 0, "readAtPrev": {"g": "male", "s": 0.56, "ab": 0, "v": 0.778, "nm": 11.31}}
  X {"id": 13, "m0": 98.165, "prev": 97.831, "gapMs": 334, "f": 0, "lv": "uncertain", "framesInWindow": 17, "uncovered": 12, "late": 12, "cutOmitted": 0, "other": 0, "readAtPrev": {"g": "female", "s": 0.36, "ab": 0, "v": 0.319, "nm": 11.58}}
  X {"id": 17, "m0": 124.792, "prev": 124.558, "gapMs": 234, "f": 0, "lv": "uncertain", "framesInWindow": 11, "uncovered": 6, "late": 6, "cutOmitted": 0, "other": 0, "readAtPrev": {"g": "female", "s": 0.24, "ab": 0, "v": 0.379, "nm": 10.94}}
  X {"id": 18, "m0": 146.013, "prev": 145.178, "gapMs": 835, "f": 1, "lv": "uncertain", "framesInWindow": 47, "uncovered": 1, "late": 1, "cutOmitted": 0, "other": 0, "readAtPrev": {"g": "male", "s": 0.17, "ab": 1, "v": 0.587, "nm": 1.21}}
  X {"id": 19, "m0": 149.45, "prev": 148.849, "gapMs": 601, "f": 0, "lv": "flag-certain", "framesInWindow": 27, "uncovered": 26, "late": 26, "cutOmitted": 0, "other": 0, "readAtPrev": {"g": "female", "s": 0.58, "ab": 0, "v": 0.209, "nm": 10.65}}
  X {"id": 20, "m0": 149.45, "prev": 148.849, "gapMs": 601, "f": 1, "lv": "uncertain", "framesInWindow": 27, "uncovered": 26, "late": 26, "cutOmitted": 0, "other": 0, "readAtPrev": {"g": "female", "s": 0.58, "ab": 0, "v": 0.209, "nm": 10.65}}
  X {"id": 21, "m0": 159.526, "prev": 158.659, "gapMs": 867, "f": 0, "lv": "flag-certain", "framesInWindow": 38, "uncovered": 37, "late": 37, "cutOmitted": 32, "other": -32, "readAtPrev": {"g": "female", "s": 0.29, "ab": 0, "v": 0.354, "nm": 9.71}}
  X {"id": 24, "m0": 170.003, "prev": 169.57, "gapMs": 433, "f": 1, "lv": "uncertain", "framesInWindow": 18, "uncovered": 12, "late": 12, "cutOmitted": 0, "other": 0, "readAtPrev": {"g": "male", "s": 0.23, "ab": 1, "v": 0.617, "nm": 2.38}}
  X {"id": 28, "m0": 181.181, "prev": 180.213, "gapMs": 968, "f": 1, "lv": "uncertain", "framesInWindow": 44, "uncovered": 16, "late": 16, "cutOmitted": 16, "other": -16, "readAtPrev": {"g": "male", "s": 0.28, "ab": 0, "v": 0.639, "nm": 9.49}}
  X {"id": 31, "m0": 190.323, "prev": 190.056, "gapMs": 267, "f": 1, "lv": "uncertain", "framesInWindow": 8, "uncovered": 8, "late": 8, "cutOmitted": 0, "other": 0, "readAtPrev": {"g": "male", "s": 0.75, "ab": 0, "v": 0.873, "nm": 11.74}}
  X {"id": 35, "m0": 215.582, "prev": 215.182, "gapMs": 400, "f": 0, "lv": "uncertain", "framesInWindow": 15, "uncovered": 12, "late": 12, "cutOmitted": 0, "other": 0, "readAtPrev": {"g": "male", "s": 0.94, "ab": 0, "v": 0.972, "nm": 11.69}}
  X {"id": 36, "m0": 215.582, "prev": 215.182, "gapMs": 400, "f": 1, "lv": "uncertain", "framesInWindow": 15, "uncovered": 12, "late": 12, "cutOmitted": 0, "other": 0, "readAtPrev": {"g": "male", "s": 0.94, "ab": 0, "v": 0.972, "nm": 11.69}}
  X {"id": 38, "m0": 220.954, "prev": 220.654, "gapMs": 300, "f": 0, "lv": "flag-certain", "framesInWindow": 7, "uncovered": 5, "late": 5, "cutOmitted": 0, "other": 0, "readAtPrev": {"g": "female", "s": 0.36, "ab": 0, "v": 0.322, "nm": 10.29}}
  X {"id": 39, "m0": 220.954, "prev": 220.654, "gapMs": 300, "f": 0, "lv": "clear-certain", "framesInWindow": 7, "uncovered": 5, "late": 5, "cutOmitted": 0, "other": 0, "readAtPrev": {"g": "female", "s": 0.36, "ab": 0, "v": 0.322, "nm": 10.29}}
FALSECOVER {"sameGenderConfidentReads": 99, "coveredReads": 44, "why": {"noTrackContainsFace": 2, "pendingClear": 26, "revoked": 2, "timelineOnly": 14}}
  F {"m": 58.492, "s": 0.97, "v": 0.984, "px": 215, "coveredFrames": 13, "nearFrames": 13, "why": "pendingClear", "track": {"id": 6, "cs": 0, "fs": 0, "cm": 0, "lv": "uncertain", "f": 0, "as": 0}}
  F {"m": 67.367, "s": 0.98, "v": 0.992, "px": 324, "coveredFrames": 14, "nearFrames": 14, "why": "pendingClear", "track": {"id": 6, "cs": 0, "fs": 0, "cm": 0, "lv": "uncertain", "f": 0, "as": 0}}
  F {"m": 67.367, "s": 0.58, "v": 0.789, "px": 380, "coveredFrames": 14, "nearFrames": 14, "why": "pendingClear", "track": {"id": 6, "cs": 0, "fs": 0, "cm": 0, "lv": "uncertain", "f": 0, "as": 0}}
  F {"m": 71.671, "s": 0.96, "v": 0.98, "px": 235, "coveredFrames": 14, "nearFrames": 14, "why": "pendingClear", "track": {"id": 6, "cs": 0, "fs": 0, "cm": 0, "lv": "uncertain", "f": 1, "as": 0}}
  F {"m": 74.04, "s": 0.95, "v": 0.976, "px": 214, "coveredFrames": 15, "nearFrames": 15, "why": "pendingClear", "track": {"id": 6, "cs": 0, "fs": 0, "cm": 0, "lv": "uncertain", "f": 0, "as": 0}}
  F {"m": 76.009, "s": 0.92, "v": 0.959, "px": 284, "coveredFrames": 17, "nearFrames": 17, "why": "pendingClear", "track": {"id": 6, "cs": 0, "fs": 0, "cm": 0, "lv": "uncertain", "f": 0, "as": 0}}
  F {"m": 76.009, "s": 0.9, "v": 0.948, "px": 253, "coveredFrames": 17, "nearFrames": 17, "why": "pendingClear", "track": {"id": 6, "cs": 0, "fs": 0, "cm": 0, "lv": "uncertain", "f": 0, "as": 0}}
  F {"m": 76.009, "s": 0.89, "v": 0.947, "px": 194, "coveredFrames": 17, "nearFrames": 17, "why": "pendingClear", "track": {"id": 6, "cs": 0, "fs": 0, "cm": 0, "lv": "uncertain", "f": 0, "as": 0}}
  F {"m": 78.846, "s": 0.88, "v": 0.94, "px": 195, "coveredFrames": 9, "nearFrames": 9, "why": "timelineOnly", "track": {"id": 6, "st": "cleared"}}
  F {"m": 99.667, "s": 0.54, "v": 0.771, "px": 212, "coveredFrames": 3, "nearFrames": 17, "why": "pendingClear", "track": {"id": 12, "cs": 0, "fs": 0, "cm": 0, "lv": "flag-certain", "f": 0, "as": 0}}
  F {"m": 101.468, "s": 0.69, "v": 0.845, "px": 218, "coveredFrames": 15, "nearFrames": 15, "why": "revoked", "track": {"id": 12, "cs": 0, "fs": 1, "cm": 0, "lv": "flag-certain", "f": 0, "as": 0}}
  F {"m": 107.441, "s": 0.72, "v": 0.859, "px": 347, "coveredFrames": 21, "nearFrames": 21, "why": "timelineOnly", "track": {"id": 11, "st": "cleared"}}
  F {"m": 110.544, "s": 0.85, "v": 0.925, "px": 176, "coveredFrames": 10, "nearFrames": 10, "why": "pendingClear", "track": {"id": 12, "cs": 0, "fs": 0, "cm": 0, "lv": "uncertain", "f": 1, "as": 0}}
  F {"m": 111.111, "s": 0.48, "v": 0.738, "px": 187, "coveredFrames": 10, "nearFrames": 13, "why": "timelineOnly", "track": {"id": 12, "st": "cleared"}}
  F {"m": 118.285, "s": 0.88, "v": 0.942, "px": 140, "coveredFrames": 19, "nearFrames": 19, "why": "timelineOnly", "track": {"id": 12, "st": "cleared"}}
  F {"m": 124.792, "s": 0.79, "v": 0.893, "px": 165, "coveredFrames": 6, "nearFrames": 19, "why": "timelineOnly", "track": {"id": 16, "st": "cleared"}}
  F {"m": 129.93, "s": 0.93, "v": 0.966, "px": 182, "coveredFrames": 18, "nearFrames": 18, "why": "revoked", "track": {"id": 17, "cs": 0, "fs": 1, "cm": 0, "lv": "flag-certain", "f": 0, "as": 0}}
  F {"m": 133.901, "s": 0.8, "v": 0.898, "px": 177, "coveredFrames": 8, "nearFrames": 14, "why": "timelineOnly", "track": {"id": 16, "st": "cleared"}}
  F {"m": 134.134, "s": 0.86, "v": 0.932, "px": 160, "coveredFrames": 8, "nearFrames": 17, "why": "timelineOnly", "track": {"id": 16, "st": "cleared"}}
  F {"m": 161.128, "s": 0.78, "v": 0.888, "px": 260, "coveredFrames": 17, "nearFrames": 17, "why": "pendingClear", "track": {"id": 22, "cs": 0, "fs": 0, "cm": 0, "lv": "uncertain", "f": 0, "as": 0}}
  F {"m": 163.23, "s": 0.84, "v": 0.918, "px": 296, "coveredFrames": 14, "nearFrames": 14, "why": "pendingClear", "track": {"id": 21, "cs": 0, "fs": 0, "cm": 0, "lv": "uncertain", "f": 0, "as": 0}}
  F {"m": 176.743, "s": 0.72, "v": 0.862, "px": 202, "coveredFrames": 4, "nearFrames": 20, "why": "noTrackContainsFace", "track": null}
  F {"m": 178.311, "s": 0.54, "v": 0.771, "px": 65, "coveredFrames": 22, "nearFrames": 22, "why": "pendingClear", "track": {"id": 26, "cs": 0, "fs": 0, "cm": 0, "lv": "uncertain", "f": 0, "as": 0}}
  F {"m": 185.719, "s": 0.75, "v": 0.876, "px": 180, "coveredFrames": 8, "nearFrames": 20, "why": "pendingClear", "track": {"id": 28, "cs": 0, "fs": 0, "cm": 0, "lv": "uncertain", "f": 0, "as": 0}}
  F {"m": 185.719, "s": 0.79, "v": 0.894, "px": 184, "coveredFrames": 3, "nearFrames": 20, "why": "pendingClear", "track": {"id": 28, "cs": 0, "fs": 0, "cm": 0, "lv": "uncertain", "f": 0, "as": 0}}
  F {"m": 188.621, "s": 0.45, "v": 0.724, "px": 100, "coveredFrames": 27, "nearFrames": 27, "why": "pendingClear", "track": {"id": 29, "cs": 0, "fs": 0, "cm": 0, "lv": "uncertain", "f": 1, "as": 0}}
  F {"m": 191.758, "s": 0.66, "v": 0.831, "px": 201, "coveredFrames": 14, "nearFrames": 14, "why": "pendingClear", "track": {"id": 31, "cs": 0, "fs": 0, "cm": 0, "lv": "uncertain", "f": 0, "as": 0}}
  F {"m": 194.06, "s": 0.88, "v": 0.942, "px": 358, "coveredFrames": 14, "nearFrames": 14, "why": "pendingClear", "track": {"id": 31, "cs": 0, "fs": 0, "cm": 0, "lv": "uncertain", "f": 0, "as": 0}}
  F {"m": 194.06, "s": 0.72, "v": 0.86, "px": 322, "coveredFrames": 14, "nearFrames": 14, "why": "timelineOnly", "track": {"id": 30, "st": "cleared"}}
  F {"m": 196.229, "s": 0.59, "v": 0.797, "px": 367, "coveredFrames": 5, "nearFrames": 16, "why": "timelineOnly", "track": {"id": 30, "st": "cleared"}}
  F {"m": 197.864, "s": 0.62, "v": 0.808, "px": 208, "coveredFrames": 5, "nearFrames": 22, "why": "timelineOnly", "track": {"id": 30, "st": "cleared"}}
  F {"m": 203.604, "s": 0.55, "v": 0.777, "px": 230, "coveredFrames": 15, "nearFrames": 15, "why": "pendingClear", "track": {"id": 33, "cs": 0, "fs": 0, "cm": 0, "lv": "uncertain", "f": 0, "as": 0}}
  F {"m": 205.372, "s": 0.79, "v": 0.893, "px": 195, "coveredFrames": 4, "nearFrames": 19, "why": "timelineOnly", "track": {"id": 33, "st": "cleared"}}
  F {"m": 207.04, "s": 0.8, "v": 0.899, "px": 214, "coveredFrames": 4, "nearFrames": 17, "why": "pendingClear", "track": {"id": 30, "cs": 0, "fs": 0, "cm": 0, "lv": "uncertain", "f": 0, "as": 0}}
  F {"m": 208.742, "s": 0.7, "v": 0.849, "px": 191, "coveredFrames": 14, "nearFrames": 17, "why": "timelineOnly", "track": {"id": 33, "st": "cleared"}}
  F {"m": 217.418, "s": 0.91, "v": 0.954, "px": 206, "coveredFrames": 15, "nearFrames": 17, "why": "pendingClear", "track": {"id": 35, "cs": 0, "fs": 0, "cm": 0, "lv": "uncertain", "f": 0, "as": 0}}
  F {"m": 220.654, "s": 0.68, "v": 0.838, "px": 195, "coveredFrames": 1, "nearFrames": 19, "why": "noTrackContainsFace", "track": null}
  F {"m": 222.556, "s": 0.59, "v": 0.794, "px": 186, "coveredFrames": 13, "nearFrames": 13, "why": "pendingClear", "track": {"id": 39, "cs": 1, "fs": 0, "cm": 0, "lv": "clear-certain", "f": 0, "as": 0}}
  F {"m": 224.825, "s": 0.82, "v": 0.911, "px": 334, "coveredFrames": 15, "nearFrames": 15, "why": "pendingClear", "track": {"id": 38, "cs": 0, "fs": 0, "cm": 0, "lv": "uncertain", "f": 0, "as": 0}}
  F {"m": 224.825, "s": 0.74, "v": 0.869, "px": 290, "coveredFrames": 15, "nearFrames": 15, "why": "timelineOnly", "track": {"id": 39, "st": "cleared"}}
banked Z:\Apps\Disconnect\spikes\gauntlet\events-linus55c.json
