bundle c240dd1
{"vt": 55, "vw": 426, "vh": 240, "paused": false, "pm": 26.76, "lm": 25.89, "nlm": 1, "late": 10, "ring": 1, "flushes": 2, "refills": 2, "cap": 498, "raf": 0, "rerr": 0, "tf": 0, "passes": 18, "verdicts": 9, "vtr": 0, "p": [], "q": "small", "t": 0}
{"vt": 55.75, "vw": 426, "vh": 240, "paused": false, "pm": 26.76, "lm": null, "nlm": null, "late": 10, "ring": 18, "flushes": 2, "refills": 2, "cap": 515, "raf": 0, "rerr": 0, "tf": 0, "passes": 20, "verdicts": 11, "vtr": 0, "p": [], "q": "small", "t": 1}
{"vt": 56.77, "vw": 426, "vh": 240, "paused": false, "pm": 55.22, "lm": 56.46, "nlm": 1, "late": 10, "ring": 34, "flushes": 2, "refills": 2, "cap": 537, "raf": 31, "rerr": 0, "tf": 0, "passes": 23, "verdicts": 12, "vtr": 1, "p": [[0.14, 0, 0.86, 1]], "q": "small", "t": 2}
{"vt": 57.9, "vw": 426, "vh": 240, "paused": false, "pm": 56.19, "lm": 57.26, "nlm": 1, "late": 10, "ring": 36, "flushes": 2, "refills": 2, "cap": 560, "raf": 74, "rerr": 0, "tf": 0, "passes": 25, "verdicts": 13, "vtr": 1, "p": [[0.13, 0, 0.85, 1]], "q": "small", "t": 3}
{"vt": 58.95, "vw": 426, "vh": 240, "paused": false, "pm": 57.36, "lm": 57.66, "nlm": 1, "late": 10, "ring": 37, "flushes": 2, "refills": 2, "cap": 587, "raf": 127, "rerr": 0, "tf": 0, "passes": 26, "verdicts": 14, "vtr": 1, "p": [[0.09, 0.02, 0.84, 1]], "q": "small", "t": 4}
{"vt": 59.96, "vw": 426, "vh": 240, "paused": false, "pm": 58.43, "lm": 59.39, "nlm": 2, "late": 10, "ring": 42, "flushes": 2, "refills": 2, "cap": 616, "raf": 184, "rerr": 0, "tf": 0, "passes": 28, "verdicts": 16, "vtr": 1, "p": [[0.41, 0.36, 1, 1]], "q": "small", "t": 5}
{"vt": 60.97, "vw": 426, "vh": 240, "paused": false, "pm": 59.39, "lm": 60.06, "nlm": 2, "late": 10, "ring": 40, "flushes": 2, "refills": 2, "cap": 640, "raf": 236, "rerr": 0, "tf": 0, "passes": 29, "verdicts": 17, "vtr": 1, "p": [[0.44, 0.31, 1, 1]], "q": "small", "t": 6}
{"vt": 62.01, "vw": 426, "vh": 240, "paused": false, "pm": 60.46, "lm": 61.56, "nlm": 2, "late": 10, "ring": 38, "flushes": 2, "refills": 2, "cap": 665, "raf": 286, "rerr": 0, "tf": 0, "passes": 31, "verdicts": 18, "vtr": 1, "p": [[0.45, 0.17, 1, 1]], "q": "small", "t": 7}
{"vt": 63.03, "vw": 426, "vh": 240, "paused": false, "pm": 61.49, "lm": 62.03, "nlm": 2, "late": 10, "ring": 36, "flushes": 2, "refills": 2, "cap": 690, "raf": 332, "rerr": 0, "tf": 0, "passes": 32, "verdicts": 18, "vtr": 1, "p": [[0.45, 0.09, 1, 1]], "q": "small", "t": 8}
{"vt": 64.07, "vw": 426, "vh": 240, "paused": false, "pm": 62.5, "lm": 63.53, "nlm": 2, "late": 10, "ring": 37, "flushes": 2, "refills": 2, "cap": 713, "raf": 378, "rerr": 0, "tf": 0, "passes": 35, "verdicts": 20, "vtr": 1, "p": [[0.48, 0.06, 1, 1]], "q": "small", "t": 9}
{"vt": 65.15, "vw": 426, "vh": 240, "paused": false, "pm": 63.56, "lm": 64.03, "nlm": 2, "late": 10, "ring": 37, "flushes": 2, "refills": 2, "cap": 740, "raf": 425, "rerr": 0, "tf": 0, "passes": 36, "verdicts": 20, "vtr": 1, "p": [[0.34, 0, 0.92, 1], [0.05, 0, 0.62, 1]], "q": "small", "t": 10}
{"vt": 66.19, "vw": 426, "vh": 240, "paused": false, "pm": 64.6, "lm": 64.56, "nlm": 2, "late": 10, "ring": 29, "flushes": 2, "refills": 2, "cap": 757, "raf": 458, "rerr": 0, "tf": 0, "passes": 38, "verdicts": 21, "vtr": 1, "p": [[0.29, 0, 0.83, 1], [0, 0, 0.57, 1]], "q": "small", "t": 11}
{"vt": 67.21, "vw": 426, "vh": 240, "paused": false, "pm": 65.6, "lm": 66.87, "nlm": 2, "late": 10, "ring": 33, "flushes": 2, "refills": 2, "cap": 781, "raf": 501, "rerr": 0, "tf": 0, "passes": 41, "verdicts": 22, "vtr": 1, "p": [[0.3, 0, 0.77, 1], [0, 0.06, 0.5, 1]], "q": "small", "t": 12}
{"vt": 68.33, "vw": 426, "vh": 240, "paused": false, "pm": 66.8, "lm": 67.63, "nlm": 1, "late": 10, "ring": 31, "flushes": 2, "refills": 2, "cap": 804, "raf": 539, "rerr": 0, "tf": 0, "passes": 43, "verdicts": 23, "vtr": 1, "p": [[0.23, 0, 0.74, 1], [0, 0.09, 0.45, 1]], "q": "small", "t": 13}
{"vt": 69.37, "vw": 426, "vh": 240, "paused": false, "pm": 67.83, "lm": 67.63, "nlm": 1, "late": 10, "ring": 33, "flushes": 2, "refills": 2, "cap": 826, "raf": 581, "rerr": 0, "tf": 0, "passes": 44, "verdicts": 24, "vtr": 1, "p": [[0.22, 0, 0.88, 1]], "q": "small", "t": 14}
{"vt": 70.41, "vw": 426, "vh": 240, "paused": false, "pm": 68.87, "lm": 70.07, "nlm": 2, "late": 10, "ring": 31, "flushes": 2, "refills": 2, "cap": 849, "raf": 624, "rerr": 0, "tf": 0, "passes": 47, "verdicts": 25, "vtr": 1, "p": [[0.08, 0, 0.71, 1], [0.42, 0.4, 1, 1]], "q": "small", "t": 15}
{"vt": 71.55, "vw": 426, "vh": 240, "paused": false, "pm": 70, "lm": 70.9, "nlm": 2, "late": 10, "ring": 30, "flushes": 2, "refills": 2, "cap": 870, "raf": 668, "rerr": 0, "tf": 0, "passes": 49, "verdicts": 27, "vtr": 1, "p": [[0.01, 0, 0.66, 1], [0.42, 0.4, 1, 1]], "q": "small", "t": 16}
{"vt": 72.65, "vw": 426, "vh": 240, "paused": false, "pm": 71.04, "lm": 71.4, "nlm": 1, "late": 10, "ring": 31, "flushes": 2, "refills": 2, "cap": 892, "raf": 711, "rerr": 0, "tf": 0, "passes": 51, "verdicts": 28, "vtr": 1, "p": [[0.01, 0, 1, 1]], "q": "small", "t": 17}
{"vt": 73.69, "vw": 426, "vh": 240, "paused": false, "pm": 72.14, "lm": 73.07, "nlm": 2, "late": 10, "ring": 36, "flushes": 2, "refills": 2, "cap": 918, "raf": 760, "rerr": 0, "tf": 0, "passes": 53, "verdicts": 29, "vtr": 1, "p": [[0.5, 0.13, 1, 1]], "q": "small", "t": 18}
{"vt": 74.69, "vw": 426, "vh": 240, "paused": false, "pm": 73.17, "lm": 73.64, "nlm": 2, "late": 10, "ring": 36, "flushes": 2, "refills": 2, "cap": 942, "raf": 806, "rerr": 0, "tf": 0, "passes": 54, "verdicts": 29, "vtr": 1, "p": [[0.5, 0.15, 1, 1]], "q": "small", "t": 19}
EVENT t21 quality hd720 -> ok:small
{"vt": 0, "vw": 0, "vh": 0, "paused": false, "pm": null, "lm": null, "nlm": null, "late": 10, "ring": 0, "flushes": 3, "refills": 2, "cap": 963, "raf": 853, "rerr": 0, "tf": 0, "passes": 57, "verdicts": 30, "vtr": 1, "p": [[0.48, 0.2, 0.95, 1]], "q": "small", "t": 21}
{"vt": 75.58, "vw": 1280, "vh": 720, "paused": false, "pm": null, "lm": null, "nlm": null, "late": 10, "ring": 0, "flushes": 5, "refills": 2, "cap": 963, "raf": 912, "rerr": 0, "tf": 59, "passes": 57, "verdicts": 30, "vtr": 1, "p": [], "q": "hd720", "t": 22}
{"vt": 75.67, "vw": 1280, "vh": 720, "paused": false, "pm": null, "lm": null, "nlm": null, "late": 11, "ring": 1, "flushes": 5, "refills": 2, "cap": 964, "raf": 965, "rerr": 0, "tf": 112, "passes": 57, "verdicts": 30, "vtr": 1, "p": [], "q": "hd720", "t": 23}
{"vt": 76.73, "vw": 1280, "vh": 720, "paused": false, "pm": null, "lm": null, "nlm": null, "late": 27, "ring": 17, "flushes": 5, "refills": 2, "cap": 980, "raf": 996, "rerr": 0, "tf": 143, "passes": 57, "verdicts": 30, "vtr": 1, "p": [], "q": "hd720", "t": 24}
{"vt": 77.81, "vw": 1280, "vh": 720, "paused": false, "pm": 76.14, "lm": 76.78, "nlm": 1, "late": 33, "ring": 24, "flushes": 5, "refills": 3, "cap": 995, "raf": 1022, "rerr": 0, "tf": 164, "passes": 59, "verdicts": 32, "vtr": 1, "p": [[0, 0, 0.9, 1]], "q": "hd720", "t": 25}
{"vt": 78.84, "vw": 1280, "vh": 720, "paused": false, "pm": 77.31, "lm": 77.84, "nlm": 1, "late": 33, "ring": 27, "flushes": 5, "refills": 3, "cap": 1015, "raf": 1053, "rerr": 0, "tf": 164, "passes": 61, "verdicts": 33, "vtr": 1, "p": [[0, 0, 0.92, 1]], "q": "hd720", "t": 26}
{"vt": 79.89, "vw": 1280, "vh": 720, "paused": false, "pm": 78.35, "lm": 79.48, "nlm": 1, "late": 33, "ring": 34, "flushes": 5, "refills": 3, "cap": 1039, "raf": 1100, "rerr": 0, "tf": 164, "passes": 63, "verdicts": 34, "vtr": 1, "p": [], "q": "hd720", "t": 27}
{"vt": 80.95, "vw": 1280, "vh": 720, "paused": false, "pm": 79.38, "lm": 79.98, "nlm": 1, "late": 33, "ring": 34, "flushes": 5, "refills": 3, "cap": 1061, "raf": 1142, "rerr": 0, "tf": 164, "passes": 64, "verdicts": 34, "vtr": 1, "p": [], "q": "hd720", "t": 28}
{"vt": 81.97, "vw": 1280, "vh": 720, "paused": false, "pm": 80.41, "lm": 81.15, "nlm": 1, "late": 33, "ring": 34, "flushes": 5, "refills": 3, "cap": 1086, "raf": 1188, "rerr": 0, "tf": 164, "passes": 66, "verdicts": 35, "vtr": 1, "p": [], "q": "hd720", "t": 29}
{"vt": 83.06, "vw": 1280, "vh": 720, "paused": false, "pm": 81.38, "lm": 82.18, "nlm": 1, "late": 33, "ring": 37, "flushes": 5, "refills": 3, "cap": 1107, "raf": 1222, "rerr": 0, "tf": 164, "passes": 68, "verdicts": 36, "vtr": 1, "p": [], "q": "hd720", "t": 30}
{"vt": 84.1, "vw": 1280, "vh": 720, "paused": false, "pm": 82.55, "lm": 83.32, "nlm": 1, "late": 33, "ring": 32, "flushes": 5, "refills": 3, "cap": 1128, "raf": 1258, "rerr": 0, "tf": 164, "passes": 70, "verdicts": 37, "vtr": 1, "p": [], "q": "hd720", "t": 31}
{"vt": 85.14, "vw": 1280, "vh": 720, "paused": false, "pm": 83.52, "lm": 84.32, "nlm": 1, "late": 33, "ring": 31, "flushes": 5, "refills": 3, "cap": 1149, "raf": 1294, "rerr": 0, "tf": 164, "passes": 71, "verdicts": 37, "vtr": 1, "p": [], "q": "hd720", "t": 32}
{"vt": 86.18, "vw": 1280, "vh": 720, "paused": false, "pm": 84.62, "lm": 85.42, "nlm": 1, "late": 33, "ring": 32, "flushes": 5, "refills": 3, "cap": 1171, "raf": 1334, "rerr": 0, "tf": 164, "passes": 73, "verdicts": 38, "vtr": 1, "p": [], "q": "hd720", "t": 33}
{"vt": 87.36, "vw": 1280, "vh": 720, "paused": false, "pm": 85.79, "lm": 86.72, "nlm": 1, "late": 33, "ring": 30, "flushes": 5, "refills": 3, "cap": 1194, "raf": 1380, "rerr": 0, "tf": 164, "passes": 75, "verdicts": 39, "vtr": 1, "p": [], "q": "hd720", "t": 34}
{"vt": 88.46, "vw": 1280, "vh": 720, "paused": false, "pm": 86.79, "lm": 87.75, "nlm": 1, "late": 33, "ring": 32, "flushes": 5, "refills": 3, "cap": 1219, "raf": 1428, "rerr": 0, "tf": 164, "passes": 77, "verdicts": 40, "vtr": 1, "p": [], "q": "hd720", "t": 36}
{"vt": 89.51, "vw": 1280, "vh": 720, "paused": false, "pm": 87.82, "lm": 88.26, "nlm": 1, "late": 33, "ring": 35, "flushes": 5, "refills": 3, "cap": 1242, "raf": 1473, "rerr": 0, "tf": 164, "passes": 78, "verdicts": 41, "vtr": 1, "p": [], "q": "hd720", "t": 37}
{"vt": 90.53, "vw": 1280, "vh": 720, "paused": false, "pm": 88.99, "lm": 90.06, "nlm": 1, "late": 33, "ring": 33, "flushes": 5, "refills": 3, "cap": 1265, "raf": 1515, "rerr": 0, "tf": 164, "passes": 81, "verdicts": 42, "vtr": 1, "p": [], "q": "hd720", "t": 38}
{"vt": 91.62, "vw": 1280, "vh": 720, "paused": false, "pm": 90.06, "lm": 90.46, "nlm": 1, "late": 33, "ring": 37, "flushes": 5, "refills": 3, "cap": 1291, "raf": 1561, "rerr": 0, "tf": 164, "passes": 82, "verdicts": 43, "vtr": 1, "p": [[0.17, 0, 0.86, 1]], "q": "hd720", "t": 39}
EVENT t40 seek -25 -> 67.64086
{"vt": 67.64, "vw": 1280, "vh": 720, "paused": false, "pm": null, "lm": 92.13, "nlm": 1, "late": 33, "ring": 0, "flushes": 6, "refills": 3, "cap": 1317, "raf": 1609, "rerr": 0, "tf": 166, "passes": 85, "verdicts": 46, "vtr": 1, "p": [[0.17, 0.05, 0.87, 1]], "q": "hd720", "t": 40}
{"vt": 68.03, "vw": 1280, "vh": 720, "paused": false, "pm": null, "lm": null, "nlm": null, "late": 38, "ring": 5, "flushes": 6, "refills": 3, "cap": 1322, "raf": 1656, "rerr": 0, "tf": 213, "passes": 85, "verdicts": 46, "vtr": 1, "p": [[0.17, 0.05, 0.87, 1]], "q": "hd720", "t": 41}
{"vt": 69.11, "vw": 1280, "vh": 720, "paused": false, "pm": null, "lm": 68.03, "nlm": 1, "late": 57, "ring": 24, "flushes": 6, "refills": 3, "cap": 1341, "raf": 1691, "rerr": 0, "tf": 248, "passes": 87, "verdicts": 48, "vtr": 1, "p": [], "q": "hd720", "t": 42}
{"vt": 70.23, "vw": 1280, "vh": 720, "paused": false, "pm": 68.57, "lm": 69.27, "nlm": 2, "late": 58, "ring": 30, "flushes": 6, "refills": 4, "cap": 1363, "raf": 1732, "rerr": 0, "tf": 251, "passes": 89, "verdicts": 49, "vtr": 1, "p": [[0.44, 0.26, 1, 1]], "q": "hd720", "t": 43}
{"vt": 71.3, "vw": 1280, "vh": 720, "paused": false, "pm": 69.7, "lm": 69.94, "nlm": 2, "late": 58, "ring": 28, "flushes": 6, "refills": 4, "cap": 1380, "raf": 1759, "rerr": 0, "tf": 251, "passes": 91, "verdicts": 50, "vtr": 1, "p": [[0.5, 0.63, 1, 1]], "q": "hd720", "t": 44}
{"vt": 72.4, "vw": 1280, "vh": 720, "paused": false, "pm": 70.84, "lm": 71.51, "nlm": 1, "late": 58, "ring": 27, "flushes": 6, "refills": 4, "cap": 1401, "raf": 1796, "rerr": 0, "tf": 251, "passes": 93, "verdicts": 51, "vtr": 1, "p": [[0.52, 0.68, 1, 1], [0, 0, 0.77, 1]], "q": "hd720", "t": 45}
{"vt": 73.41, "vw": 1280, "vh": 720, "paused": false, "pm": 71.87, "lm": 72.44, "nlm": 2, "late": 58, "ring": 30, "flushes": 6, "refills": 4, "cap": 1424, "raf": 1840, "rerr": 0, "tf": 251, "passes": 95, "verdicts": 53, "vtr": 1, "p": [[0.07, 0, 0.84, 1]], "q": "hd720", "t": 46}
{"vt": 74.44, "vw": 1280, "vh": 720, "paused": false, "pm": 72.87, "lm": 73.41, "nlm": 2, "late": 58, "ring": 39, "flushes": 6, "refills": 4, "cap": 1449, "raf": 1887, "rerr": 0, "tf": 251, "passes": 96, "verdicts": 54, "vtr": 1, "p": [[0.51, 0.33, 1, 1]], "q": "hd720", "t": 47}
{"vt": 75.48, "vw": 1280, "vh": 720, "paused": false, "pm": 73.84, "lm": 74.34, "nlm": 2, "late": 58, "ring": 39, "flushes": 6, "refills": 4, "cap": 1471, "raf": 1931, "rerr": 0, "tf": 251, "passes": 97, "verdicts": 55, "vtr": 1, "p": [[0.52, 0.29, 0.99, 1]], "q": "hd720", "t": 48}
{"vt": 76.66, "vw": 1280, "vh": 720, "paused": false, "pm": 74.97, "lm": 75.24, "nlm": 2, "late": 58, "ring": 33, "flushes": 6, "refills": 4, "cap": 1494, "raf": 1974, "rerr": 0, "tf": 251, "passes": 98, "verdicts": 56, "vtr": 1, "p": [[0.51, 0.2, 0.98, 1]], "q": "hd720", "t": 49}
{"vt": 77.7, "vw": 1280, "vh": 720, "paused": false, "pm": 76.18, "lm": 77.34, "nlm": 1, "late": 58, "ring": 30, "flushes": 6, "refills": 4, "cap": 1516, "raf": 2011, "rerr": 0, "tf": 251, "passes": 101, "verdicts": 57, "vtr": 1, "p": [[0.5, 0.17, 0.98, 1]], "q": "hd720", "t": 51}
{"vt": 78.74, "vw": 1280, "vh": 720, "paused": false, "pm": 77.21, "lm": 77.68, "nlm": 1, "late": 58, "ring": 26, "flushes": 6, "refills": 4, "cap": 1532, "raf": 2042, "rerr": 0, "tf": 251, "passes": 103, "verdicts": 58, "vtr": 1, "p": [[0.01, 0, 0.98, 1]], "q": "hd720", "t": 52}
{"vt": 79.92, "vw": 1280, "vh": 720, "paused": false, "pm": 78.38, "lm": 79.51, "nlm": 1, "late": 58, "ring": 28, "flushes": 6, "refills": 4, "cap": 1554, "raf": 2081, "rerr": 0, "tf": 251, "passes": 105, "verdicts": 59, "vtr": 1, "p": [], "q": "hd720", "t": 53}
{"vt": 80.95, "vw": 1280, "vh": 720, "paused": false, "pm": 79.38, "lm": 79.51, "nlm": 1, "late": 58, "ring": 35, "flushes": 6, "refills": 4, "cap": 1578, "raf": 2124, "rerr": 0, "tf": 251, "passes": 105, "verdicts": 59, "vtr": 1, "p": [], "q": "hd720", "t": 54}
{"vt": 82.05, "vw": 1280, "vh": 720, "paused": false, "pm": 80.38, "lm": 81.22, "nlm": 1, "late": 58, "ring": 32, "flushes": 6, "refills": 4, "cap": 1601, "raf": 2167, "rerr": 0, "tf": 251, "passes": 107, "verdicts": 60, "vtr": 1, "p": [], "q": "hd720", "t": 55}
{"vt": 83.09, "vw": 1280, "vh": 720, "paused": false, "pm": 81.55, "lm": 82.68, "nlm": 1, "late": 58, "ring": 32, "flushes": 6, "refills": 4, "cap": 1621, "raf": 2203, "rerr": 0, "tf": 251, "passes": 110, "verdicts": 61, "vtr": 1, "p": [], "q": "hd720", "t": 56}
{"vt": 84.18, "vw": 1280, "vh": 720, "paused": false, "pm": 82.65, "lm": 83.48, "nlm": 1, "late": 58, "ring": 31, "flushes": 6, "refills": 4, "cap": 1644, "raf": 2247, "rerr": 0, "tf": 251, "passes": 112, "verdicts": 62, "vtr": 1, "p": [], "q": "hd720", "t": 57}
{"vt": 85.22, "vw": 1280, "vh": 720, "paused": false, "pm": 83.58, "lm": 84.55, "nlm": 1, "late": 58, "ring": 34, "flushes": 6, "refills": 4, "cap": 1667, "raf": 2288, "rerr": 0, "tf": 251, "passes": 113, "verdicts": 62, "vtr": 1, "p": [], "q": "hd720", "t": 58}
{"vt": 86.3, "vw": 1280, "vh": 720, "paused": false, "pm": 84.65, "lm": 85.59, "nlm": 1, "late": 58, "ring": 33, "flushes": 6, "refills": 4, "cap": 1691, "raf": 2333, "rerr": 0, "tf": 251, "passes": 115, "verdicts": 63, "vtr": 1, "p": [], "q": "hd720", "t": 59}
EVENT t60 quality small -> ok:hd720
{"vt": 0, "vw": 0, "vh": 0, "paused": false, "pm": null, "lm": null, "nlm": null, "late": 58, "ring": 0, "flushes": 7, "refills": 4, "cap": 1717, "raf": 2380, "rerr": 0, "tf": 251, "passes": 117, "verdicts": 64, "vtr": 1, "p": [], "q": "hd720", "t": 60}
{"vt": 87.48, "vw": 426, "vh": 240, "paused": false, "pm": null, "lm": null, "nlm": null, "late": 67, "ring": 9, "flushes": 9, "refills": 4, "cap": 1726, "raf": 2435, "rerr": 0, "tf": 306, "passes": 117, "verdicts": 64, "vtr": 1, "p": [], "q": "small", "t": 61}
{"vt": 88.6, "vw": 426, "vh": 240, "paused": false, "pm": null, "lm": 88.12, "nlm": 1, "late": 94, "ring": 36, "flushes": 9, "refills": 4, "cap": 1753, "raf": 2487, "rerr": 0, "tf": 358, "passes": 119, "verdicts": 65, "vtr": 1, "p": [], "q": "small", "t": 62}
{"vt": 89.64, "vw": 426, "vh": 240, "paused": false, "pm": 88.09, "lm": 89.39, "nlm": 1, "late": 97, "ring": 36, "flushes": 9, "refills": 5, "cap": 1780, "raf": 2539, "rerr": 0, "tf": 361, "passes": 121, "verdicts": 66, "vtr": 1, "p": [], "q": "small", "t": 63}
{"vt": 90.68, "vw": 426, "vh": 240, "paused": false, "pm": 89.06, "lm": 89.62, "nlm": 1, "late": 97, "ring": 38, "flushes": 9, "refills": 5, "cap": 1804, "raf": 2589, "rerr": 0, "tf": 361, "passes": 122, "verdicts": 67, "vtr": 1, "p": [], "q": "small", "t": 65}
{"vt": 91.71, "vw": 426, "vh": 240, "paused": false, "pm": 90.19, "lm": 91.39, "nlm": 1, "late": 97, "ring": 39, "flushes": 9, "refills": 5, "cap": 1832, "raf": 2647, "rerr": 0, "tf": 361, "passes": 124, "verdicts": 69, "vtr": 1, "p": [], "q": "small", "t": 66}
{"vt": 92.73, "vw": 426, "vh": 240, "paused": false, "pm": 91.19, "lm": 92.26, "nlm": 0, "late": 97, "ring": 41, "flushes": 9, "refills": 5, "cap": 1860, "raf": 2700, "rerr": 0, "tf": 361, "passes": 126, "verdicts": 71, "vtr": 1, "p": [], "q": "small", "t": 67}
{"vt": 93.76, "vw": 426, "vh": 240, "paused": false, "pm": 92.23, "lm": 93.33, "nlm": 0, "late": 97, "ring": 43, "flushes": 9, "refills": 5, "cap": 1890, "raf": 2761, "rerr": 0, "tf": 361, "passes": 128, "verdicts": 73, "vtr": 1, "p": [], "q": "small", "t": 68}
{"vt": 94.9, "vw": 426, "vh": 240, "paused": false, "pm": 93.33, "lm": 94.56, "nlm": 0, "late": 97, "ring": 41, "flushes": 9, "refills": 5, "cap": 1918, "raf": 2817, "rerr": 0, "tf": 361, "passes": 131, "verdicts": 76, "vtr": 1, "p": [], "q": "small", "t": 69}
{"vt": 95.92, "vw": 426, "vh": 240, "paused": false, "pm": 94.36, "lm": 95.6, "nlm": 0, "late": 97, "ring": 43, "flushes": 9, "refills": 5, "cap": 1949, "raf": 2879, "rerr": 0, "tf": 361, "passes": 133, "verdicts": 78, "vtr": 1, "p": [], "q": "small", "t": 70}
{"vt": 96.95, "vw": 426, "vh": 240, "paused": false, "pm": 95.43, "lm": 96.46, "nlm": 3, "late": 97, "ring": 43, "flushes": 9, "refills": 5, "cap": 1978, "raf": 2934, "rerr": 0, "tf": 361, "passes": 135, "verdicts": 80, "vtr": 1, "p": [], "q": "small", "t": 71}
{"vt": 97.97, "vw": 426, "vh": 240, "paused": false, "pm": 96.43, "lm": 97.56, "nlm": 1, "late": 97, "ring": 41, "flushes": 9, "refills": 5, "cap": 2006, "raf": 2989, "rerr": 0, "tf": 361, "passes": 137, "verdicts": 82, "vtr": 1, "p": [[0.27, 0.39, 0.49, 0.78], [0.25, 0.07, 0.49, 0.48], [0.45, 0.44, 0.61, 0.71]], "q": "small", "t": 72}
{"vt": 99, "vw": 426, "vh": 240, "paused": false, "pm": 97.43, "lm": 98, "nlm": 1, "late": 97, "ring": 38, "flushes": 9, "refills": 5, "cap": 2029, "raf": 3033, "rerr": 0, "tf": 361, "passes": 138, "verdicts": 83, "vtr": 1, "p": [[0.25, 0.44, 0.49, 0.86], [0.25, 0.07, 0.49, 0.48], [0.46, 0.45, 0.61, 0.7]], "q": "small", "t": 73}
{"vt": 100.04, "vw": 426, "vh": 240, "paused": false, "pm": 98.47, "lm": 99.43, "nlm": 2, "late": 97, "ring": 37, "flushes": 9, "refills": 5, "cap": 2055, "raf": 3081, "rerr": 0, "tf": 361, "passes": 140, "verdicts": 84, "vtr": 1, "p": [[0.11, 0.14, 0.89, 1]], "q": "small", "t": 74}
{"vt": 101.07, "vw": 426, "vh": 240, "paused": false, "pm": 99.5, "lm": 100.03, "nlm": 2, "late": 97, "ring": 37, "flushes": 9, "refills": 5, "cap": 2078, "raf": 3124, "rerr": 0, "tf": 361, "passes": 141, "verdicts": 84, "vtr": 1, "p": [[0.12, 0.13, 0.9, 1]], "q": "small", "t": 75}
{"vt": 102.14, "vw": 426, "vh": 240, "paused": false, "pm": 100.47, "lm": 101.63, "nlm": 3, "late": 97, "ring": 37, "flushes": 9, "refills": 5, "cap": 2101, "raf": 3165, "rerr": 0, "tf": 361, "passes": 144, "verdicts": 85, "vtr": 1, "p": [[0.48, 0.28, 0.92, 1], [0.17, 0.43, 0.64, 1]], "q": "small", "t": 76}
{"vt": 103.19, "vw": 426, "vh": 240, "paused": false, "pm": 101.63, "lm": 102.87, "nlm": 3, "late": 97, "ring": 31, "flushes": 9, "refills": 5, "cap": 2124, "raf": 3212, "rerr": 0, "tf": 361, "passes": 146, "verdicts": 86, "vtr": 1, "p": [[0.48, 0.08, 0.9, 1], [0.17, 0.43, 0.64, 1]], "q": "small", "t": 77}
{"vt": 104.23, "vw": 426, "vh": 240, "paused": false, "pm": 102.64, "lm": 103.34, "nlm": 3, "late": 97, "ring": 34, "flushes": 9, "refills": 5, "cap": 2148, "raf": 3259, "rerr": 0, "tf": 361, "passes": 147, "verdicts": 86, "vtr": 1, "p": [[0.53, 0.17, 0.88, 1], [0.17, 0.43, 0.64, 1]], "q": "small", "t": 78}
{"vt": 105.32, "vw": 426, "vh": 240, "paused": false, "pm": 103.67, "lm": 104.57, "nlm": 2, "late": 97, "ring": 38, "flushes": 9, "refills": 5, "cap": 2174, "raf": 3307, "rerr": 0, "tf": 361, "passes": 149, "verdicts": 87, "vtr": 1, "p": [[0.4, 0.26, 0.85, 1], [0.17, 0.43, 0.64, 1]], "q": "small", "t": 79}
EVENT t80 seek -20 -> 86.368211
{"vt": 86.39, "vw": 426, "vh": 240, "paused": false, "pm": null, "lm": null, "nlm": null, "late": 97, "ring": 0, "flushes": 10, "refills": 5, "cap": 2199, "raf": 3358, "rerr": 0, "tf": 362, "passes": 151, "verdicts": 88, "vtr": 1, "p": [[0.42, 0.14, 0.82, 1]], "q": "small", "t": 80}
{"vt": 87.5, "vw": 426, "vh": 240, "paused": false, "pm": null, "lm": 87.05, "nlm": 1, "late": 123, "ring": 26, "flushes": 10, "refills": 5, "cap": 2225, "raf": 3404, "rerr": 0, "tf": 408, "passes": 154, "verdicts": 89, "vtr": 1, "p": [], "q": "small", "t": 81}
{"vt": 88.57, "vw": 426, "vh": 240, "paused": false, "pm": 86.92, "lm": 87.62, "nlm": 1, "late": 130, "ring": 37, "flushes": 10, "refills": 6, "cap": 2248, "raf": 3452, "rerr": 0, "tf": 423, "passes": 155, "verdicts": 90, "vtr": 1, "p": [], "q": "small", "t": 82}
{"vt": 89.62, "vw": 426, "vh": 240, "paused": false, "pm": 88.05, "lm": 88.79, "nlm": 1, "late": 130, "ring": 34, "flushes": 10, "refills": 6, "cap": 2272, "raf": 3499, "rerr": 0, "tf": 423, "passes": 157, "verdicts": 91, "vtr": 1, "p": [], "q": "small", "t": 84}
{"vt": 90.65, "vw": 426, "vh": 240, "paused": false, "pm": 89.12, "lm": 89.86, "nlm": 1, "late": 130, "ring": 38, "flushes": 10, "refills": 6, "cap": 2300, "raf": 3554, "rerr": 0, "tf": 423, "passes": 159, "verdicts": 92, "vtr": 1, "p": [], "q": "small", "t": 85}
{"vt": 91.67, "vw": 426, "vh": 240, "paused": false, "pm": 90.12, "lm": 90.72, "nlm": 1, "late": 130, "ring": 42, "flushes": 10, "refills": 6, "cap": 2327, "raf": 3607, "rerr": 0, "tf": 423, "passes": 160, "verdicts": 93, "vtr": 1, "p": [[0.15, 0, 0.84, 1]], "q": "small", "t": 86}
{"vt": 92.69, "vw": 426, "vh": 240, "paused": false, "pm": 91.16, "lm": 92.23, "nlm": 1, "late": 130, "ring": 41, "flushes": 10, "refills": 6, "cap": 2353, "raf": 3657, "rerr": 0, "tf": 423, "passes": 163, "verdicts": 96, "vtr": 1, "p": [[0.17, 0.06, 0.83, 0.99]], "q": "small", "t": 87}
{"vt": 93.7, "vw": 426, "vh": 240, "paused": false, "pm": 92.16, "lm": 93.39, "nlm": 1, "late": 130, "ring": 40, "flushes": 10, "refills": 6, "cap": 2382, "raf": 3715, "rerr": 0, "tf": 423, "passes": 165, "verdicts": 98, "vtr": 1, "p": [[0.22, 0.17, 0.75, 0.99]], "q": "small", "t": 88}
{"vt": 94.72, "vw": 426, "vh": 240, "paused": false, "pm": 93.19, "lm": 94.36, "nlm": 0, "late": 130, "ring": 42, "flushes": 10, "refills": 6, "cap": 2409, "raf": 3770, "rerr": 0, "tf": 423, "passes": 167, "verdicts": 100, "vtr": 1, "p": [[0.26, 0.34, 0.76, 0.99]], "q": "small", "t": 89}
{"vt": 95.73, "vw": 426, "vh": 240, "paused": false, "pm": 94.19, "lm": 95.2, "nlm": 0, "late": 130, "ring": 46, "flushes": 10, "refills": 6, "cap": 2439, "raf": 3830, "rerr": 0, "tf": 423, "passes": 169, "verdicts": 102, "vtr": 1, "p": [], "q": "small", "t": 90}
{"vt": 96.74, "vw": 426, "vh": 240, "paused": false, "pm": 95.2, "lm": 96.3, "nlm": 1, "late": 130, "ring": 43, "flushes": 10, "refills": 6, "cap": 2466, "raf": 3885, "rerr": 0, "tf": 423, "passes": 171, "verdicts": 104, "vtr": 1, "p": [], "q": "small", "t": 91}
{"vt": 97.77, "vw": 426, "vh": 240, "paused": false, "pm": 96.13, "lm": 97.13, "nlm": 1, "late": 130, "ring": 44, "flushes": 10, "refills": 6, "cap": 2493, "raf": 3938, "rerr": 0, "tf": 423, "passes": 173, "verdicts": 106, "vtr": 1, "p": [[0.24, 0.36, 0.52, 0.83]], "q": "small", "t": 92}
{"vt": 98.8, "vw": 426, "vh": 240, "paused": false, "pm": 97.26, "lm": 97.53, "nlm": 1, "late": 130, "ring": 37, "flushes": 10, "refills": 6, "cap": 2519, "raf": 3988, "rerr": 0, "tf": 423, "passes": 174, "verdicts": 107, "vtr": 1, "p": [[0.39, 0.39, 0.64, 0.82]], "q": "small", "t": 93}
{"vt": 99.84, "vw": 426, "vh": 240, "paused": false, "pm": 98.26, "lm": 99.47, "nlm": 2, "late": 130, "ring": 33, "flushes": 10, "refills": 6, "cap": 2540, "raf": 4036, "rerr": 0, "tf": 423, "passes": 176, "verdicts": 108, "vtr": 1, "p": [[0.43, 0.24, 0.8, 0.95]], "q": "small", "t": 94}
{"vt": 100.87, "vw": 426, "vh": 240, "paused": false, "pm": 99.33, "lm": 100.03, "nlm": 2, "late": 130, "ring": 35, "flushes": 10, "refills": 6, "cap": 2564, "raf": 4080, "rerr": 0, "tf": 423, "passes": 177, "verdicts": 108, "vtr": 1, "p": [[0.43, 0.18, 0.86, 0.97]], "q": "small", "t": 95}
{"vt": 101.9, "vw": 426, "vh": 240, "paused": false, "pm": 100.33, "lm": 101.07, "nlm": 3, "late": 130, "ring": 34, "flushes": 10, "refills": 6, "cap": 2587, "raf": 4125, "rerr": 0, "tf": 423, "passes": 179, "verdicts": 109, "vtr": 1, "p": [[0.48, 0.21, 0.91, 0.99], [0.17, 0.43, 0.64, 1]], "q": "small", "t": 96}
{"vt": 102.93, "vw": 426, "vh": 240, "paused": false, "pm": 101.4, "lm": 101.87, "nlm": 3, "late": 130, "ring": 31, "flushes": 10, "refills": 6, "cap": 2608, "raf": 4170, "rerr": 0, "tf": 423, "passes": 181, "verdicts": 110, "vtr": 1, "p": [[0.48, 0.21, 0.91, 0.99], [0.17, 0.43, 0.64, 1]], "q": "small", "t": 97}
{"vt": 104.02, "vw": 426, "vh": 240, "paused": false, "pm": 102.37, "lm": 103.4, "nlm": 3, "late": 130, "ring": 35, "flushes": 10, "refills": 6, "cap": 2631, "raf": 4217, "rerr": 0, "tf": 423, "passes": 183, "verdicts": 110, "vtr": 1, "p": [[0.53, 0.21, 0.93, 1], [0.17, 0.43, 0.64, 1]], "q": "small", "t": 98}
{"vt": 105.06, "vw": 426, "vh": 240, "paused": false, "pm": 103.47, "lm": 104.5, "nlm": 2, "late": 130, "ring": 36, "flushes": 10, "refills": 6, "cap": 2657, "raf": 4267, "rerr": 0, "tf": 423, "passes": 185, "verdicts": 111, "vtr": 1, "p": [[0.49, 0.17, 0.89, 1], [0.17, 0.43, 0.64, 1]], "q": "small", "t": 99}
