ARM {"t":55,"bundle":"f3bf849"}
SUMMARY {"frames": 7040, "framesWithPatch": 4573, "lateFrames": 258, "snapshots": 311, "reads": 235, "cuts": 42, "phantom": {"blurredTrackPasses": 236, "coastingPasses": 68, "coastMsP50": 1057, "coastMsP95": 2373, "coastMsMax": 3355, "abstainedReads": 47}, "lifeDelta": {"cutDetected": 42, "passDropped": 27, "nullDropped": 8, "nullMintedHeld": 0, "delayVerdictLate": 13, "birthFresh": 20, "birthContended": 7, "birthNearMiss": 8, "coastExpired": 22, "wipeErased": 7, "wipeErasedBlurred": 12, "personPassSkipped": 70, "positionPassSkipped": 1, "genderReadSkipped": 0, "readAbstain": 82, "readClearCertain": 81, "readUncertain": 32, "bodyClampFired": 10, "faceNoShape": 2, "memClear": 67, "memHit": 0, "memMiss": 0, "memStore": 0, "memInstant": 0, "birthCleared": 8, "birthBlurred": 27, "nullMatched": 8, "cutCoastExpired": 17}, "slots": [0, 0, 0, 0, 0, 0, 0, 0, 0, 0, 0, 0, 0, 0, 2, 0, 0, 0, 0, 0, 2, 2, 2, 3, 1, 2, 1, 4, 2, 2, 2, 3, 3, 2, 1, 1, 1, 1, 1, 1], "nativeDead": null, "delayMs": 1500}
EXPOSURE {"births": 27, "birthsWithUncoveredFrames": 12, "uncoveredFramesTotal": 298, "late": 148, "cutOmitted": 285, "other": -135, "readAtPrevRefused": 16}
  X {"id": 6, "m0": 55.422, "prev": 26.359, "gapMs": 29063, "f": 0, "lv": "uncertain", "framesInWindow": 10, "uncovered": 1, "late": 1, "cutOmitted": 1, "other": -1, "readAtPrev": {"g": "male", "s": 0.97, "ab": 0, "v": 0.983, "nm": 13.1}}
  X {"id": 20, "m0": 149.65, "prev": 148.916, "gapMs": 734, "f": 1, "lv": "uncertain", "framesInWindow": 34, "uncovered": 30, "late": 0, "cutOmitted": 30, "other": 0, "readAtPrev": null}
  X {"id": 21, "m0": 159.293, "prev": 158.892, "gapMs": 401, "f": 0, "lv": "uncertain", "framesInWindow": 14, "uncovered": 9, "late": 9, "cutOmitted": 0, "other": 0, "readAtPrev": {"g": "male", "s": 0.03, "ab": 0, "v": 0.513, "nm": 8.99}}
  X {"id": 27, "m0": 181.382, "prev": 180.346, "gapMs": 1036, "f": 1, "lv": "uncertain", "framesInWindow": 39, "uncovered": 33, "late": 28, "cutOmitted": 33, "other": -28, "readAtPrev": {"g": "male", "s": 0.2, "ab": 0, "v": 0.599, "nm": 11.38}}
  X {"id": 28, "m0": 181.382, "prev": 180.346, "gapMs": 1036, "f": 0, "lv": "clear-certain", "framesInWindow": 39, "uncovered": 33, "late": 28, "cutOmitted": 33, "other": -28, "readAtPrev": {"g": "male", "s": 0.2, "ab": 0, "v": 0.599, "nm": 11.38}}
  X {"id": 29, "m0": 187.687, "prev": 186.82, "gapMs": 867, "f": 1, "lv": "uncertain", "framesInWindow": 25, "uncovered": 25, "late": 0, "cutOmitted": 25, "other": 0, "readAtPrev": null}
  X {"id": 30, "m0": 190.457, "prev": 189.622, "gapMs": 835, "f": 0, "lv": "uncertain", "framesInWindow": 33, "uncovered": 33, "late": 33, "cutOmitted": 31, "other": -31, "readAtPrev": {"g": "male", "s": 0.68, "ab": 0, "v": 0.838, "nm": 11.81}}
  X {"id": 31, "m0": 190.457, "prev": 189.622, "gapMs": 835, "f": 0, "lv": "uncertain", "framesInWindow": 33, "uncovered": 33, "late": 33, "cutOmitted": 31, "other": -31, "readAtPrev": {"g": "male", "s": 0.68, "ab": 0, "v": 0.838, "nm": 11.81}}
  X {"id": 33, "m0": 200.367, "prev": 199.299, "gapMs": 1068, "f": 0, "lv": "uncertain", "framesInWindow": 41, "uncovered": 27, "late": 0, "cutOmitted": 27, "other": 0, "readAtPrev": null}
  X {"id": 37, "m0": 215.916, "prev": 215.115, "gapMs": 801, "f": 1, "lv": "uncertain", "framesInWindow": 36, "uncovered": 27, "late": 0, "cutOmitted": 27, "other": 0, "readAtPrev": null}
  X {"id": 38, "m0": 219.019, "prev": 217.484, "gapMs": 1535, "f": 1, "lv": "uncertain", "framesInWindow": 54, "uncovered": 34, "late": 11, "cutOmitted": 34, "other": -11, "readAtPrev": null}
  X {"id": 39, "m0": 221.321, "prev": 220.587, "gapMs": 734, "f": 1, "lv": "uncertain", "framesInWindow": 28, "uncovered": 13, "late": 5, "cutOmitted": 13, "other": -5, "readAtPrev": {"g": "male", "s": 0.77, "ab": 0, "v": 0.884, "nm": 12.02}}
FALSECOVER {"sameGenderConfidentReads": 102, "coveredReads": 23, "why": {"noTrackContainsFace": 1, "pendingClear": 21, "timelineOnly": 1}}
  F {"m": 59.193, "s": 0.95, "v": 0.975, "px": 216, "coveredFrames": 8, "nearFrames": 21, "why": "pendingClear", "track": {"id": 6, "cs": 0, "fs": 0, "cm": 0, "lv": "uncertain", "f": 0, "as": 0}}
  F {"m": 59.426, "s": 0.45, "v": 0.726, "px": 183, "coveredFrames": 21, "nearFrames": 21, "why": "pendingClear", "track": {"id": 7, "cs": 0, "fs": 0, "cm": 0, "lv": "uncertain", "f": 0, "as": 0}}
  F {"m": 67.301, "s": 0.99, "v": 0.995, "px": 330, "coveredFrames": 19, "nearFrames": 19, "why": "pendingClear", "track": {"id": 6, "cs": 0, "fs": 0, "cm": 0, "lv": "uncertain", "f": 0, "as": 0}}
  F {"m": 67.301, "s": 0.64, "v": 0.82, "px": 385, "coveredFrames": 19, "nearFrames": 19, "why": "pendingClear", "track": {"id": 6, "cs": 0, "fs": 0, "cm": 0, "lv": "uncertain", "f": 0, "as": 0}}
  F {"m": 71.471, "s": 0.98, "v": 0.988, "px": 169, "coveredFrames": 26, "nearFrames": 26, "why": "pendingClear", "track": {"id": 6, "cs": 0, "fs": 0, "cm": 0, "lv": "uncertain", "f": 1, "as": 0}}
  F {"m": 72.339, "s": 0.72, "v": 0.859, "px": 157, "coveredFrames": 2, "nearFrames": 27, "why": "timelineOnly", "track": {"id": 6, "st": "cleared"}}
  F {"m": 107.374, "s": 0.71, "v": 0.854, "px": 343, "coveredFrames": 15, "nearFrames": 15, "why": "pendingClear", "track": {"id": 13, "cs": 0, "fs": 0, "cm": 0, "lv": "uncertain", "f": 0, "as": 0}}
  F {"m": 109.943, "s": 0.88, "v": 0.939, "px": 184, "coveredFrames": 12, "nearFrames": 12, "why": "pendingClear", "track": {"id": 11, "cs": 0, "fs": 0, "cm": 0, "lv": "uncertain", "f": 1, "as": 0}}
  F {"m": 162.963, "s": 0.73, "v": 0.866, "px": 314, "coveredFrames": 8, "nearFrames": 17, "why": "pendingClear", "track": {"id": 21, "cs": 0, "fs": 0, "cm": 0, "lv": "uncertain", "f": 0, "as": 0}}
  F {"m": 176.609, "s": 0.55, "v": 0.777, "px": 133, "coveredFrames": 7, "nearFrames": 17, "why": "noTrackContainsFace", "track": null}
  F {"m": 177.01, "s": 0.55, "v": 0.776, "px": 121, "coveredFrames": 23, "nearFrames": 23, "why": "pendingClear", "track": {"id": 26, "cs": 0, "fs": 0, "cm": 0, "lv": "uncertain", "f": 1, "as": 0}}
  F {"m": 183.05, "s": 0.76, "v": 0.881, "px": 206, "coveredFrames": 9, "nearFrames": 14, "why": "pendingClear", "track": {"id": 28, "cs": 1, "fs": 0, "cm": 0, "lv": "clear-certain", "f": 0, "as": 0}}
  F {"m": 183.05, "s": 0.8, "v": 0.899, "px": 202, "coveredFrames": 9, "nearFrames": 14, "why": "pendingClear", "track": {"id": 28, "cs": 1, "fs": 0, "cm": 0, "lv": "clear-certain", "f": 0, "as": 0}}
  F {"m": 188.655, "s": 0.46, "v": 0.729, "px": 109, "coveredFrames": 24, "nearFrames": 24, "why": "pendingClear", "track": {"id": 29, "cs": 1, "fs": 0, "cm": 951, "lv": "clear-certain", "f": 1, "as": 0}}
  F {"m": 192.158, "s": 0.67, "v": 0.835, "px": 203, "coveredFrames": 8, "nearFrames": 21, "why": "pendingClear", "track": {"id": 31, "cs": 0, "fs": 0, "cm": 0, "lv": "uncertain", "f": 0, "as": 0}}
  F {"m": 193.927, "s": 0.9, "v": 0.948, "px": 357, "coveredFrames": 1, "nearFrames": 16, "why": "pendingClear", "track": {"id": 31, "cs": 0, "fs": 0, "cm": 0, "lv": "uncertain", "f": 0, "as": 0}}
  F {"m": 193.927, "s": 0.89, "v": 0.944, "px": 320, "coveredFrames": 11, "nearFrames": 16, "why": "pendingClear", "track": {"id": 31, "cs": 0, "fs": 0, "cm": 0, "lv": "uncertain", "f": 0, "as": 0}}
  F {"m": 197.63, "s": 0.53, "v": 0.766, "px": 205, "coveredFrames": 10, "nearFrames": 23, "why": "pendingClear", "track": {"id": 31, "cs": 0, "fs": 0, "cm": 0, "lv": "uncertain", "f": 1, "as": 0}}
  F {"m": 203.036, "s": 0.78, "v": 0.888, "px": 211, "coveredFrames": 17, "nearFrames": 17, "why": "pendingClear", "track": {"id": 34, "cs": 0, "fs": 0, "cm": 0, "lv": "uncertain", "f": 0, "as": 0}}
  F {"m": 222.889, "s": 0.68, "v": 0.839, "px": 175, "coveredFrames": 6, "nearFrames": 16, "why": "pendingClear", "track": {"id": 39, "cs": 0, "fs": 0, "cm": 0, "lv": "uncertain", "f": 0, "as": 0}}
  F {"m": 222.889, "s": 0.63, "v": 0.813, "px": 196, "coveredFrames": 6, "nearFrames": 16, "why": "pendingClear", "track": {"id": 39, "cs": 0, "fs": 0, "cm": 0, "lv": "uncertain", "f": 0, "as": 0}}
  F {"m": 226.76, "s": 0.68, "v": 0.841, "px": 202, "coveredFrames": 11, "nearFrames": 11, "why": "pendingClear", "track": {"id": 40, "cs": 0, "fs": 0, "cm": 0, "lv": "uncertain", "f": 0, "as": 0}}
  F {"m": 226.76, "s": 0.85, "v": 0.927, "px": 212, "coveredFrames": 11, "nearFrames": 11, "why": "pendingClear", "track": {"id": 40, "cs": 0, "fs": 0, "cm": 0, "lv": "uncertain", "f": 0, "as": 0}}
banked Z:\Apps\Disconnect\spikes\gauntlet\events-v1096d.json
EXIT=0
