ARM {"t":55,"bundle":"82a5a28"}
SUMMARY {"frames": 7429, "framesWithPatch": 4109, "lateFrames": 253, "snapshots": 312, "reads": 245, "cuts": 41, "phantom": {"blurredTrackPasses": 237, "coastingPasses": 71, "coastMsP50": 961, "coastMsP95": 2072, "coastMsMax": 2666, "abstainedReads": 51}, "lifeDelta": {"cutDetected": 41, "passDropped": 25, "nullDropped": 11, "nullMintedHeld": 2, "delayVerdictLate": 184, "birthFresh": 24, "birthContended": 9, "birthNearMiss": 9, "coastExpired": 23, "wipeErased": 9, "wipeErasedBlurred": 18, "personPassSkipped": 61, "positionPassSkipped": 1, "genderReadSkipped": 0, "readAbstain": 80, "readClearCertain": 86, "readUncertain": 40, "bodyClampFired": 13, "faceNoShape": 1, "memClear": 71, "memHit": 0, "memMiss": 0, "memStore": 0, "memInstant": 0, "birthCleared": 13, "birthBlurred": 29, "nullMatched": 5, "cutCoastExpired": 12}, "slots": [0, 0, 0, 0, 0, 0, 0, 0, 0, 0, 0, 0, 0, 0, 2, 0, 0, 0, 0, 0, 2, 2, 3, 2, 3, 3, 2, 2, 2, 2, 2, 3, 3, 3, 2, 1, 1, 1, 1, 1], "nativeDead": null, "delayMs": 1500}
EXPOSURE {"births": 29, "birthsWithUncoveredFrames": 23, "uncoveredFramesTotal": 278, "late": 49, "cutOmitted": 204, "other": 25, "readAtPrevRefused": 16}
  X {"id": 6, "m0": 56.056, "prev": 55.455, "gapMs": 601, "f": 0, "lv": "uncertain", "framesInWindow": 17, "uncovered": 1, "late": 0, "cutOmitted": 0, "other": 1, "readAtPrev": {"g": "male", "s": 0.08, "ab": 1, "v": 0.539, "nm": 3.51}}
  X {"id": 10, "m0": 91.758, "prev": 90.79, "gapMs": 968, "f": 1, "lv": "uncertain", "framesInWindow": 43, "uncovered": 37, "late": 0, "cutOmitted": 0, "other": 37, "readAtPrev": {"g": "male", "s": 0.1, "ab": 1, "v": 0.552, "nm": 2.3}}
  X {"id": 11, "m0": 94.561, "prev": 94.327, "gapMs": 234, "f": 0, "lv": "uncertain", "framesInWindow": 3, "uncovered": 1, "late": 0, "cutOmitted": 0, "other": 1, "readAtPrev": null}
  X {"id": 12, "m0": 94.561, "prev": 94.327, "gapMs": 234, "f": 1, "lv": "uncertain", "framesInWindow": 3, "uncovered": 1, "late": 0, "cutOmitted": 0, "other": 1, "readAtPrev": {"g": "male", "s": 0.32, "ab": 1, "v": 0.658, "nm": 3.39}}
  X {"id": 15, "m0": 98.298, "prev": 97.564, "gapMs": 734, "f": 1, "lv": "clear-certain", "framesInWindow": 31, "uncovered": 1, "late": 0, "cutOmitted": 0, "other": 1, "readAtPrev": {"g": "male", "s": 0.62, "ab": 0, "v": 0.811, "nm": 9.69}}
  X {"id": 16, "m0": 98.298, "prev": 97.564, "gapMs": 734, "f": 1, "lv": "uncertain", "framesInWindow": 31, "uncovered": 1, "late": 0, "cutOmitted": 0, "other": 1, "readAtPrev": null}
  X {"id": 19, "m0": 124.792, "prev": 124.625, "gapMs": 167, "f": 0, "lv": "uncertain", "framesInWindow": 5, "uncovered": 1, "late": 0, "cutOmitted": 0, "other": 1, "readAtPrev": {"g": "female", "s": 0.24, "ab": 0, "v": 0.379, "nm": 11.03}}
  X {"id": 22, "m0": 145.779, "prev": 145.379, "gapMs": 400, "f": 1, "lv": "uncertain", "framesInWindow": 9, "uncovered": 1, "late": 0, "cutOmitted": 0, "other": 1, "readAtPrev": {"g": "female", "s": 0, "ab": 0, "v": 0.499, "nm": 2.25}}
  X {"id": 24, "m0": 149.516, "prev": 148.649, "gapMs": 867, "f": 1, "lv": "uncertain", "framesInWindow": 30, "uncovered": 29, "late": 8, "cutOmitted": 28, "other": -7, "readAtPrev": {"g": "female", "s": 0.51, "ab": 0, "v": 0.243, "nm": 10.52}}
  X {"id": 25, "m0": 149.516, "prev": 148.649, "gapMs": 867, "f": 1, "lv": "uncertain", "framesInWindow": 30, "uncovered": 29, "late": 8, "cutOmitted": 28, "other": -7, "readAtPrev": {"g": "female", "s": 0.51, "ab": 0, "v": 0.243, "nm": 10.52}}
  X {"id": 27, "m0": 159.359, "prev": 158.592, "gapMs": 767, "f": 1, "lv": "uncertain", "framesInWindow": 39, "uncovered": 34, "late": 0, "cutOmitted": 33, "other": 1, "readAtPrev": {"g": "male", "s": 0.77, "ab": 0, "v": 0.887, "nm": 13.26}}
  X {"id": 29, "m0": 170.336, "prev": 169.336, "gapMs": 1000, "f": 1, "lv": "uncertain", "framesInWindow": 40, "uncovered": 26, "late": 19, "cutOmitted": 25, "other": -18, "readAtPrev": {"g": "male", "s": 0.83, "ab": 0, "v": 0.917, "nm": 11.36}}
  X {"id": 30, "m0": 171.337, "prev": 170.336, "gapMs": 1001, "f": 0, "lv": "uncertain", "framesInWindow": 34, "uncovered": 1, "late": 0, "cutOmitted": 0, "other": 1, "readAtPrev": null}
  X {"id": 32, "m0": 177.043, "prev": 176.843, "gapMs": 200, "f": 1, "lv": "uncertain", "framesInWindow": 4, "uncovered": 1, "late": 0, "cutOmitted": 0, "other": 1, "readAtPrev": {"g": "male", "s": 0.67, "ab": 0, "v": 0.835, "nm": 12.1}}
  X {"id": 36, "m0": 190.29, "prev": 190.023, "gapMs": 267, "f": 0, "lv": "uncertain", "framesInWindow": 8, "uncovered": 1, "late": 0, "cutOmitted": 0, "other": 1, "readAtPrev": {"g": "male", "s": 0.68, "ab": 0, "v": 0.841, "nm": 11.6}}
  X {"id": 38, "m0": 200.934, "prev": 200.467, "gapMs": 467, "f": 0, "lv": "uncertain", "framesInWindow": 14, "uncovered": 1, "late": 0, "cutOmitted": 0, "other": 1, "readAtPrev": null}
  X {"id": 39, "m0": 201.702, "prev": 201.168, "gapMs": 534, "f": 0, "lv": "uncertain", "framesInWindow": 19, "uncovered": 16, "late": 0, "cutOmitted": 0, "other": 16, "readAtPrev": null}
  X {"id": 40, "m0": 202.903, "prev": 202.369, "gapMs": 534, "f": 0, "lv": "uncertain", "framesInWindow": 19, "uncovered": 1, "late": 0, "cutOmitted": 0, "other": 1, "readAtPrev": null}
  X {"id": 41, "m0": 202.903, "prev": 202.369, "gapMs": 534, "f": 0, "lv": "uncertain", "framesInWindow": 19, "uncovered": 1, "late": 0, "cutOmitted": 0, "other": 1, "readAtPrev": null}
  X {"id": 43, "m0": 215.749, "prev": 215.015, "gapMs": 734, "f": 1, "lv": "uncertain", "framesInWindow": 37, "uncovered": 37, "late": 0, "cutOmitted": 36, "other": 1, "readAtPrev": null}
  X {"id": 44, "m0": 218.719, "prev": 217.184, "gapMs": 1535, "f": 1, "lv": "uncertain", "framesInWindow": 59, "uncovered": 55, "late": 14, "cutOmitted": 54, "other": -13, "readAtPrev": null}
  X {"id": 45, "m0": 220.987, "prev": 220.754, "gapMs": 233, "f": 0, "lv": "flag-certain", "framesInWindow": 13, "uncovered": 1, "late": 0, "cutOmitted": 0, "other": 1, "readAtPrev": {"g": "female", "s": 0.34, "ab": 0, "v": 0.329, "nm": 10.72}}
  X {"id": 47, "m0": 224.491, "prev": 223.924, "gapMs": 567, "f": 0, "lv": "uncertain", "framesInWindow": 16, "uncovered": 1, "late": 0, "cutOmitted": 0, "other": 1, "readAtPrev": null}
FALSECOVER {"sameGenderConfidentReads": 111, "coveredReads": 33, "why": {"pendingClear": 25, "revoked": 1, "noTrackContainsFace": 2, "timelineOnly": 5}}
  F {"m": 59.226, "s": 0.96, "v": 0.978, "px": 146, "coveredFrames": 21, "nearFrames": 21, "why": "pendingClear", "track": {"id": 6, "cs": 0, "fs": 0, "cm": 0, "lv": "uncertain", "f": 0, "as": 0}}
  F {"m": 64.798, "s": 0.72, "v": 0.861, "px": 82, "coveredFrames": 15, "nearFrames": 15, "why": "pendingClear", "track": {"id": 7, "cs": 0, "fs": 0, "cm": 0, "lv": "uncertain", "f": 0, "as": 0}}
  F {"m": 67.301, "s": 0.97, "v": 0.984, "px": 217, "coveredFrames": 16, "nearFrames": 16, "why": "pendingClear", "track": {"id": 7, "cs": 0, "fs": 0, "cm": 0, "lv": "uncertain", "f": 0, "as": 0}}
  F {"m": 67.301, "s": 0.63, "v": 0.815, "px": 253, "coveredFrames": 16, "nearFrames": 16, "why": "pendingClear", "track": {"id": 7, "cs": 0, "fs": 0, "cm": 0, "lv": "uncertain", "f": 0, "as": 0}}
  F {"m": 71.771, "s": 0.96, "v": 0.978, "px": 153, "coveredFrames": 18, "nearFrames": 18, "why": "pendingClear", "track": {"id": 7, "cs": 0, "fs": 0, "cm": 0, "lv": "uncertain", "f": 1, "as": 0}}
  F {"m": 72.105, "s": 0.53, "v": 0.764, "px": 121, "coveredFrames": 22, "nearFrames": 22, "why": "pendingClear", "track": {"id": 7, "cs": 0, "fs": 0, "cm": 0, "lv": "uncertain", "f": 0, "as": 0}}
  F {"m": 97.564, "s": 0.62, "v": 0.811, "px": 85, "coveredFrames": 8, "nearFrames": 26, "why": "noTrackContainsFace", "track": null}
  F {"m": 98.298, "s": 0.57, "v": 0.786, "px": 88, "coveredFrames": 13, "nearFrames": 24, "why": "pendingClear", "track": {"id": 15, "cs": 1, "fs": 0, "cm": 0, "lv": "clear-certain", "f": 1, "as": 0}}
  F {"m": 102.469, "s": 0.63, "v": 0.813, "px": 125, "coveredFrames": 7, "nearFrames": 27, "why": "pendingClear", "track": {"id": 16, "cs": 0, "fs": 0, "cm": 0, "lv": "uncertain", "f": 0, "as": 0}}
  F {"m": 110.411, "s": 0.92, "v": 0.962, "px": 123, "coveredFrames": 21, "nearFrames": 21, "why": "pendingClear", "track": {"id": 16, "cs": 0, "fs": 0, "cm": 0, "lv": "uncertain", "f": 1, "as": 0}}
  F {"m": 111.178, "s": 0.55, "v": 0.773, "px": 121, "coveredFrames": 20, "nearFrames": 20, "why": "timelineOnly", "track": {"id": 16, "st": "cleared"}}
  F {"m": 114.715, "s": 0.47, "v": 0.734, "px": 80, "coveredFrames": 18, "nearFrames": 18, "why": "pendingClear", "track": {"id": 17, "cs": 0, "fs": 0, "cm": 0, "lv": "uncertain", "f": 0, "as": 0}}
  F {"m": 115.182, "s": 0.95, "v": 0.974, "px": 104, "coveredFrames": 4, "nearFrames": 18, "why": "timelineOnly", "track": {"id": 16, "st": "cleared"}}
  F {"m": 117.217, "s": 0.73, "v": 0.865, "px": 73, "coveredFrames": 21, "nearFrames": 21, "why": "pendingClear", "track": {"id": 17, "cs": 0, "fs": 0, "cm": 0, "lv": "uncertain", "f": 0, "as": 0}}
  F {"m": 126.393, "s": 0.46, "v": 0.729, "px": 103, "coveredFrames": 17, "nearFrames": 17, "why": "pendingClear", "track": {"id": 19, "cs": 0, "fs": 0, "cm": 0, "lv": "uncertain", "f": 0, "as": 0}}
  F {"m": 129.763, "s": 0.97, "v": 0.983, "px": 124, "coveredFrames": 15, "nearFrames": 21, "why": "pendingClear", "track": {"id": 19, "cs": 0, "fs": 0, "cm": 0, "lv": "uncertain", "f": 0, "as": 0}}
  F {"m": 136.07, "s": 0.81, "v": 0.904, "px": 306, "coveredFrames": 16, "nearFrames": 16, "why": "pendingClear", "track": {"id": 19, "cs": 0, "fs": 0, "cm": 0, "lv": "uncertain", "f": 0, "as": 0}}
  F {"m": 163.263, "s": 0.72, "v": 0.862, "px": 208, "coveredFrames": 14, "nearFrames": 20, "why": "revoked", "track": {"id": 27, "cs": 0, "fs": 1, "cm": 0, "lv": "flag-certain", "f": 0, "as": 0}}
  F {"m": 172.305, "s": 0.72, "v": 0.86, "px": 131, "coveredFrames": 18, "nearFrames": 18, "why": "pendingClear", "track": {"id": 29, "cs": 0, "fs": 0, "cm": 0, "lv": "uncertain", "f": 0, "as": 0}}
  F {"m": 177.043, "s": 0.67, "v": 0.833, "px": 77, "coveredFrames": 11, "nearFrames": 16, "why": "pendingClear", "track": {"id": 32, "cs": 0, "fs": 0, "cm": 0, "lv": "uncertain", "f": 1, "as": 0}}
  F {"m": 191.624, "s": 0.69, "v": 0.845, "px": 144, "coveredFrames": 23, "nearFrames": 23, "why": "pendingClear", "track": {"id": 36, "cs": 0, "fs": 0, "cm": 0, "lv": "uncertain", "f": 0, "as": 0}}
  F {"m": 193.426, "s": 0.89, "v": 0.944, "px": 181, "coveredFrames": 22, "nearFrames": 22, "why": "pendingClear", "track": {"id": 36, "cs": 0, "fs": 0, "cm": 0, "lv": "uncertain", "f": 0, "as": 0}}
  F {"m": 193.827, "s": 0.56, "v": 0.779, "px": 170, "coveredFrames": 18, "nearFrames": 18, "why": "pendingClear", "track": {"id": 36, "cs": 0, "fs": 0, "cm": 0, "lv": "uncertain", "f": 1, "as": 0}}
  F {"m": 194.394, "s": 0.6, "v": 0.8, "px": 246, "coveredFrames": 19, "nearFrames": 20, "why": "timelineOnly", "track": {"id": 35, "st": "cleared"}}
  F {"m": 194.394, "s": 0.62, "v": 0.811, "px": 160, "coveredFrames": 14, "nearFrames": 20, "why": "timelineOnly", "track": {"id": 35, "st": "cleared"}}
  F {"m": 198.365, "s": 0.63, "v": 0.817, "px": 127, "coveredFrames": 7, "nearFrames": 20, "why": "timelineOnly", "track": {"id": 35, "st": "cleared"}}
  F {"m": 202.903, "s": 0.82, "v": 0.912, "px": 132, "coveredFrames": 23, "nearFrames": 23, "why": "pendingClear", "track": {"id": 40, "cs": 0, "fs": 0, "cm": 0, "lv": "uncertain", "f": 0, "as": 0}}
  F {"m": 202.903, "s": 0.58, "v": 0.79, "px": 115, "coveredFrames": 23, "nearFrames": 23, "why": "pendingClear", "track": {"id": 41, "cs": 0, "fs": 0, "cm": 0, "lv": "uncertain", "f": 0, "as": 0}}
  F {"m": 204.671, "s": 0.53, "v": 0.763, "px": 116, "coveredFrames": 23, "nearFrames": 23, "why": "pendingClear", "track": {"id": 41, "cs": 0, "fs": 0, "cm": 0, "lv": "uncertain", "f": 0, "as": 0}}
  F {"m": 220.754, "s": 0.58, "v": 0.792, "px": 124, "coveredFrames": 17, "nearFrames": 23, "why": "noTrackContainsFace", "track": null}
  F {"m": 222.489, "s": 0.6, "v": 0.798, "px": 129, "coveredFrames": 13, "nearFrames": 17, "why": "pendingClear", "track": {"id": 45, "cs": 0, "fs": 0, "cm": 0, "lv": "flag-certain", "f": 0, "as": 0}}
  F {"m": 224.491, "s": 0.88, "v": 0.942, "px": 156, "coveredFrames": 16, "nearFrames": 16, "why": "pendingClear", "track": {"id": 47, "cs": 0, "fs": 0, "cm": 0, "lv": "uncertain", "f": 0, "as": 0}}
  F {"m": 224.491, "s": 0.77, "v": 0.884, "px": 190, "coveredFrames": 16, "nearFrames": 16, "why": "pendingClear", "track": {"id": 47, "cs": 0, "fs": 0, "cm": 0, "lv": "uncertain", "f": 0, "as": 0}}
banked Z:\Apps\Disconnect\spikes\gauntlet\events-v1096a.json
