ARM {"t":55,"bundle":"9cc6cb8-dirty"}
SUMMARY {"frames": 6770, "framesWithPatch": 3848, "lateFrames": 1572, "snapshots": 294, "reads": 246, "cuts": 43, "phantom": {"blurredTrackPasses": 194, "coastingPasses": 50, "coastMsP50": 906, "coastMsP95": 2086, "coastMsMax": 2259, "abstainedReads": 45}, "lifeDelta": {"cutDetected": 43, "passDropped": 30, "nullDropped": 6, "nullMintedHeld": 2, "delayVerdictLate": 0, "birthFresh": 23, "birthContended": 7, "birthNearMiss": 4, "coastExpired": 19, "wipeErased": 8, "wipeErasedBlurred": 14, "personPassSkipped": 64, "positionPassSkipped": 1, "genderReadSkipped": 0, "readAbstain": 75, "readClearCertain": 82, "readUncertain": 45, "bodyClampFired": 7, "faceNoShape": 4, "memClear": 68, "memHit": 0, "memMiss": 0, "memStore": 0, "memInstant": 0, "birthCleared": 10, "birthBlurred": 24, "nullMatched": 10, "cutCoastExpired": 15}, "slots": [2, 2, 1, 2, 0, 0, 0, 0, 0, 0, 0, 0, 0, 0, 0, 0, 0, 0, 2, 0, 0, 0, 2, 2, 2, 2, 4, 2, 2, 2, 3, 2, 3, 3, 3, 1, 1, 1, 1, 1], "nativeDead": null, "delayMs": 1000}
EXPOSURE {"births": 24, "birthsWithUncoveredFrames": 15, "uncoveredFramesTotal": 426, "late": 426, "cutOmitted": 235, "other": -235, "readAtPrevRefused": 16}
  X {"id": 6, "m0": 55.622, "prev": 26.493, "gapMs": 29129, "f": 1, "lv": "uncertain", "framesInWindow": 113, "uncovered": 92, "late": 92, "cutOmitted": 92, "other": -92, "readAtPrev": null}
  X {"id": 12, "m0": 98.232, "prev": 98.065, "gapMs": 167, "f": 0, "lv": "uncertain", "framesInWindow": 8, "uncovered": 8, "late": 8, "cutOmitted": 0, "other": 0, "readAtPrev": {"g": "male", "s": 0.66, "ab": 0, "v": 0.828, "nm": 11.78}}
  X {"id": 15, "m0": 125.593, "prev": 124.358, "gapMs": 1235, "f": 0, "lv": "flag-certain", "framesInWindow": 41, "uncovered": 35, "late": 35, "cutOmitted": 15, "other": -15, "readAtPrev": {"g": "female", "s": 0.33, "ab": 0, "v": 0.333, "nm": 10.86}}
  X {"id": 16, "m0": 125.593, "prev": 124.358, "gapMs": 1235, "f": 0, "lv": "uncertain", "framesInWindow": 41, "uncovered": 35, "late": 35, "cutOmitted": 15, "other": -15, "readAtPrev": {"g": "female", "s": 0.33, "ab": 0, "v": 0.333, "nm": 10.86}}
  X {"id": 18, "m0": 149.383, "prev": 148.983, "gapMs": 400, "f": 0, "lv": "flag-certain", "framesInWindow": 13, "uncovered": 11, "late": 11, "cutOmitted": 0, "other": 0, "readAtPrev": {"g": "female", "s": 0.62, "ab": 0, "v": 0.189, "nm": 10.26}}
  X {"id": 21, "m0": 159.293, "prev": 158.792, "gapMs": 501, "f": 0, "lv": "uncertain", "framesInWindow": 22, "uncovered": 22, "late": 22, "cutOmitted": 0, "other": 0, "readAtPrev": {"g": "male", "s": 0.16, "ab": 0, "v": 0.58, "nm": 11.63}}
  X {"id": 23, "m0": 170.003, "prev": 169.203, "gapMs": 800, "f": 0, "lv": "clear-certain", "framesInWindow": 38, "uncovered": 32, "late": 32, "cutOmitted": 0, "other": 0, "readAtPrev": {"g": "male", "s": 0.76, "ab": 0, "v": 0.879, "nm": 11.49}}
  X {"id": 24, "m0": 170.003, "prev": 169.203, "gapMs": 800, "f": 1, "lv": "uncertain", "framesInWindow": 38, "uncovered": 32, "late": 32, "cutOmitted": 0, "other": 0, "readAtPrev": {"g": "male", "s": 0.76, "ab": 0, "v": 0.879, "nm": 11.49}}
  X {"id": 26, "m0": 177.377, "prev": 176.609, "gapMs": 768, "f": 1, "lv": "uncertain", "framesInWindow": 37, "uncovered": 35, "late": 35, "cutOmitted": 23, "other": -23, "readAtPrev": {"g": "male", "s": 0.71, "ab": 0, "v": 0.853, "nm": 11.56}}
  X {"id": 29, "m0": 187.787, "prev": 186.42, "gapMs": 1367, "f": 1, "lv": "uncertain", "framesInWindow": 45, "uncovered": 27, "late": 27, "cutOmitted": 27, "other": -27, "readAtPrev": null}
  X {"id": 31, "m0": 190.657, "prev": 189.656, "gapMs": 1001, "f": 1, "lv": "uncertain", "framesInWindow": 38, "uncovered": 37, "late": 37, "cutOmitted": 27, "other": -27, "readAtPrev": {"g": "male", "s": 0.91, "ab": 0, "v": 0.954, "nm": 12.59}}
  X {"id": 34, "m0": 203.07, "prev": 202.369, "gapMs": 701, "f": 1, "lv": "uncertain", "framesInWindow": 37, "uncovered": 1, "late": 1, "cutOmitted": 1, "other": -1, "readAtPrev": null}
  X {"id": 36, "m0": 215.783, "prev": 215.015, "gapMs": 768, "f": 1, "lv": "uncertain", "framesInWindow": 41, "uncovered": 3, "late": 3, "cutOmitted": 3, "other": -3, "readAtPrev": null}
  X {"id": 37, "m0": 218.952, "prev": 217.184, "gapMs": 1768, "f": 1, "lv": "uncertain", "framesInWindow": 62, "uncovered": 32, "late": 32, "cutOmitted": 32, "other": -32, "readAtPrev": null}
  X {"id": 38, "m0": 221.021, "prev": 220.387, "gapMs": 634, "f": 0, "lv": "flag-certain", "framesInWindow": 24, "uncovered": 24, "late": 24, "cutOmitted": 0, "other": 0, "readAtPrev": {"g": "female", "s": 0.38, "ab": 0, "v": 0.311, "nm": 10.39}}
FALSECOVER {"sameGenderConfidentReads": 109, "coveredReads": 29, "why": {"revoked": 1, "timelineOnly": 5, "pendingClear": 23}}
  F {"m": 57.691, "s": 0.9, "v": 0.95, "px": 251, "coveredFrames": 14, "nearFrames": 18, "why": "pendingClear", "track": {"id": 6, "cs": 0, "fs": 0, "cm": 0, "lv": "uncertain", "f": 1, "as": 0}}
  F {"m": 58.325, "s": 0.92, "v": 0.959, "px": 190, "coveredFrames": 11, "nearFrames": 17, "why": "pendingClear", "track": {"id": 6, "cs": 0, "fs": 0, "cm": 0, "lv": "uncertain", "f": 1, "as": 0}}
  F {"m": 59.293, "s": 0.46, "v": 0.73, "px": 163, "coveredFrames": 19, "nearFrames": 19, "why": "pendingClear", "track": {"id": 6, "cs": 0, "fs": 0, "cm": 0, "lv": "uncertain", "f": 1, "as": 0}}
  F {"m": 61.728, "s": 0.68, "v": 0.841, "px": 218, "coveredFrames": 19, "nearFrames": 19, "why": "pendingClear", "track": {"id": 6, "cs": 0, "fs": 0, "cm": 0, "lv": "uncertain", "f": 0, "as": 0}}
  F {"m": 64.731, "s": 0.56, "v": 0.782, "px": 132, "coveredFrames": 13, "nearFrames": 13, "why": "pendingClear", "track": {"id": 6, "cs": 0, "fs": 0, "cm": 0, "lv": "uncertain", "f": 0, "as": 0}}
  F {"m": 64.731, "s": 0.74, "v": 0.872, "px": 145, "coveredFrames": 13, "nearFrames": 13, "why": "pendingClear", "track": {"id": 6, "cs": 0, "fs": 0, "cm": 0, "lv": "uncertain", "f": 0, "as": 0}}
  F {"m": 67.701, "s": 0.6, "v": 0.798, "px": 385, "coveredFrames": 12, "nearFrames": 12, "why": "pendingClear", "track": {"id": 6, "cs": 0, "fs": 0, "cm": 0, "lv": "uncertain", "f": 0, "as": 0}}
  F {"m": 71.404, "s": 0.95, "v": 0.977, "px": 243, "coveredFrames": 9, "nearFrames": 9, "why": "pendingClear", "track": {"id": 6, "cs": 0, "fs": 0, "cm": 0, "lv": "uncertain", "f": 1, "as": 0}}
  F {"m": 73.773, "s": 0.94, "v": 0.97, "px": 224, "coveredFrames": 20, "nearFrames": 20, "why": "pendingClear", "track": {"id": 9, "cs": 0, "fs": 0, "cm": 0, "lv": "uncertain", "f": 0, "as": 0}}
  F {"m": 75.942, "s": 0.87, "v": 0.937, "px": 264, "coveredFrames": 19, "nearFrames": 19, "why": "pendingClear", "track": {"id": 9, "cs": 0, "fs": 0, "cm": 0, "lv": "uncertain", "f": 0, "as": 0}}
  F {"m": 75.942, "s": 0.9, "v": 0.951, "px": 176, "coveredFrames": 19, "nearFrames": 19, "why": "pendingClear", "track": {"id": 9, "cs": 0, "fs": 0, "cm": 0, "lv": "uncertain", "f": 0, "as": 0}}
  F {"m": 78.512, "s": 0.94, "v": 0.969, "px": 183, "coveredFrames": 8, "nearFrames": 16, "why": "timelineOnly", "track": {"id": 9, "st": "cleared"}}
  F {"m": 88.822, "s": 0.92, "v": 0.961, "px": 209, "coveredFrames": 4, "nearFrames": 12, "why": "timelineOnly", "track": {"id": 9, "st": "cleared"}}
  F {"m": 107.641, "s": 0.64, "v": 0.818, "px": 228, "coveredFrames": 12, "nearFrames": 12, "why": "revoked", "track": {"id": 12, "cs": 0, "fs": 2, "cm": 0, "lv": "flag-certain", "f": 0, "as": 0}}
  F {"m": 110.411, "s": 0.83, "v": 0.917, "px": 179, "coveredFrames": 14, "nearFrames": 14, "why": "pendingClear", "track": {"id": 12, "cs": 0, "fs": 0, "cm": 0, "lv": "uncertain", "f": 1, "as": 0}}
  F {"m": 111.078, "s": 0.64, "v": 0.822, "px": 190, "coveredFrames": 13, "nearFrames": 17, "why": "timelineOnly", "track": {"id": 12, "st": "cleared"}}
  F {"m": 118.118, "s": 0.92, "v": 0.961, "px": 146, "coveredFrames": 15, "nearFrames": 15, "why": "timelineOnly", "track": {"id": 12, "st": "cleared"}}
  F {"m": 126.427, "s": 0.98, "v": 0.99, "px": 179, "coveredFrames": 2, "nearFrames": 2, "why": "pendingClear", "track": {"id": 16, "cs": 0, "fs": 0, "cm": 0, "lv": "uncertain", "f": 0, "as": 0}}
  F {"m": 135.936, "s": 0.8, "v": 0.901, "px": 450, "coveredFrames": 5, "nearFrames": 16, "why": "pendingClear", "track": {"id": 15, "cs": 0, "fs": 0, "cm": 0, "lv": "uncertain", "f": 0, "as": 0}}
  F {"m": 163.063, "s": 0.76, "v": 0.88, "px": 302, "coveredFrames": 19, "nearFrames": 19, "why": "pendingClear", "track": {"id": 21, "cs": 0, "fs": 0, "cm": 0, "lv": "uncertain", "f": 0, "as": 0}}
  F {"m": 171.604, "s": 0.6, "v": 0.799, "px": 199, "coveredFrames": 19, "nearFrames": 19, "why": "pendingClear", "track": {"id": 23, "cs": 1, "fs": 0, "cm": 0, "lv": "clear-certain", "f": 0, "as": 0}}
  F {"m": 177.377, "s": 0.45, "v": 0.725, "px": 117, "coveredFrames": 9, "nearFrames": 18, "why": "pendingClear", "track": {"id": 26, "cs": 0, "fs": 0, "cm": 0, "lv": "uncertain", "f": 1, "as": 0}}
  F {"m": 188.655, "s": 0.46, "v": 0.729, "px": 109, "coveredFrames": 24, "nearFrames": 24, "why": "pendingClear", "track": {"id": 29, "cs": 1, "fs": 0, "cm": 869, "lv": "clear-certain", "f": 1, "as": 0}}
  F {"m": 194.094, "s": 0.88, "v": 0.942, "px": 358, "coveredFrames": 1, "nearFrames": 21, "why": "pendingClear", "track": {"id": 31, "cs": 0, "fs": 0, "cm": 0, "lv": "uncertain", "f": 0, "as": 0}}
  F {"m": 203.804, "s": 0.74, "v": 0.872, "px": 166, "coveredFrames": 26, "nearFrames": 26, "why": "timelineOnly", "track": {"id": 33, "st": "cleared"}}
  F {"m": 204.671, "s": 0.5, "v": 0.751, "px": 129, "coveredFrames": 15, "nearFrames": 15, "why": "pendingClear", "track": {"id": 34, "cs": 0, "fs": 0, "cm": 0, "lv": "uncertain", "f": 1, "as": 0}}
  F {"m": 206.907, "s": 0.78, "v": 0.891, "px": 218, "coveredFrames": 1, "nearFrames": 18, "why": "pendingClear", "track": {"id": 34, "cs": 0, "fs": 0, "cm": 0, "lv": "uncertain", "f": 0, "as": 0}}
  F {"m": 222.656, "s": 0.65, "v": 0.826, "px": 202, "coveredFrames": 18, "nearFrames": 18, "why": "pendingClear", "track": {"id": 38, "cs": 0, "fs": 0, "cm": 0, "lv": "flag-certain", "f": 0, "as": 0}}
  F {"m": 225.859, "s": 0.47, "v": 0.735, "px": 182, "coveredFrames": 17, "nearFrames": 17, "why": "pendingClear", "track": {"id": 38, "cs": 0, "fs": 0, "cm": 0, "lv": "uncertain", "f": 0, "as": 0}}
banked Z:\Apps\Disconnect\spikes\gauntlet\events-v1095a.json
