ARM {"t":55,"bundle":"27e6595"}
SUMMARY {"frames": 6957, "framesWithPatch": 4175, "lateFrames": 348, "snapshots": 294, "reads": 233, "cuts": 41, "phantom": {"blurredTrackPasses": 213, "coastingPasses": 56, "coastMsP50": 1118, "coastMsP95": 2090, "coastMsMax": 3937, "abstainedReads": 48}, "lifeDelta": {"cutDetected": 41, "passDropped": 25, "nullDropped": 9, "nullMintedHeld": 0, "delayVerdictLate": 78, "birthFresh": 20, "birthContended": 7, "birthNearMiss": 10, "coastExpired": 23, "wipeErased": 8, "wipeErasedBlurred": 13, "personPassSkipped": 58, "positionPassSkipped": 0, "genderReadSkipped": 0, "readAbstain": 83, "readClearCertain": 83, "readUncertain": 30, "bodyClampFired": 4, "faceNoShape": 2, "memClear": 68, "memHit": 0, "memMiss": 0, "memStore": 0, "memInstant": 0, "birthCleared": 12, "birthBlurred": 25, "nullMatched": 8, "cutCoastExpired": 15}, "slots": [2, 2, 0, 0, 0, 0, 0, 0, 0, 0, 0, 0, 0, 0, 0, 0, 2, 0, 0, 0, 0, 0, 2, 2, 3, 2, 3, 3, 2, 2, 2, 2, 3, 4, 4, 3, 1, 1, 1, 1], "nativeDead": null, "delayMs": 1500}
EXPOSURE {"births": 25, "birthsWithUncoveredFrames": 12, "uncoveredFramesTotal": 231, "late": 75, "cutOmitted": 141, "other": 15, "readAtPrevRefused": 13}
  X {"id": 5, "m0": 55.455, "prev": 24.925, "gapMs": 30530, "f": 0, "lv": "uncertain", "framesInWindow": 8, "uncovered": 1, "late": 1, "cutOmitted": 1, "other": -1, "readAtPrev": {"g": "male", "s": 0.92, "ab": 0, "v": 0.961, "nm": 12.55}}
  X {"id": 13, "m0": 98.165, "prev": 97.898, "gapMs": 267, "f": 0, "lv": "flag-certain", "framesInWindow": 14, "uncovered": 14, "late": 0, "cutOmitted": 0, "other": 14, "readAtPrev": {"g": "male", "s": 0.61, "ab": 0, "v": 0.804, "nm": 11.29}}
  X {"id": 14, "m0": 98.165, "prev": 97.898, "gapMs": 267, "f": 0, "lv": "uncertain", "framesInWindow": 14, "uncovered": 14, "late": 0, "cutOmitted": 0, "other": 14, "readAtPrev": {"g": "female", "s": 0.51, "ab": 0, "v": 0.247, "nm": 11.7}}
  X {"id": 16, "m0": 124.758, "prev": 124.491, "gapMs": 267, "f": 0, "lv": "flag-certain", "framesInWindow": 9, "uncovered": 9, "late": 4, "cutOmitted": 0, "other": 5, "readAtPrev": {"g": "female", "s": 0.3, "ab": 0, "v": 0.352, "nm": 11.12}}
  X {"id": 20, "m0": 149.383, "prev": 148.916, "gapMs": 467, "f": 0, "lv": "flag-certain", "framesInWindow": 19, "uncovered": 19, "late": 0, "cutOmitted": 0, "other": 19, "readAtPrev": {"g": "female", "s": 0.48, "ab": 0, "v": 0.258, "nm": 10.52}}
  X {"id": 22, "m0": 159.226, "prev": 158.859, "gapMs": 367, "f": 1, "lv": "uncertain", "framesInWindow": 13, "uncovered": 13, "late": 0, "cutOmitted": 0, "other": 13, "readAtPrev": {"g": "male", "s": 0.16, "ab": 0, "v": 0.581, "nm": 11.46}}
  X {"id": 25, "m0": 170.103, "prev": 169.136, "gapMs": 967, "f": 1, "lv": "flag-certain", "framesInWindow": 41, "uncovered": 36, "late": 14, "cutOmitted": 36, "other": -14, "readAtPrev": {"g": "male", "s": 0.77, "ab": 0, "v": 0.886, "nm": 11.43}}
  X {"id": 27, "m0": 176.976, "prev": 176.81, "gapMs": 166, "f": 0, "lv": "uncertain", "framesInWindow": 7, "uncovered": 7, "late": 0, "cutOmitted": 0, "other": 7, "readAtPrev": {"g": "male", "s": 0.73, "ab": 0, "v": 0.863, "nm": 12.86}}
  X {"id": 30, "m0": 188.188, "prev": 187.087, "gapMs": 1101, "f": 1, "lv": "uncertain", "framesInWindow": 35, "uncovered": 17, "late": 1, "cutOmitted": 17, "other": -1, "readAtPrev": null}
  X {"id": 32, "m0": 190.423, "prev": 189.155, "gapMs": 1268, "f": 0, "lv": "uncertain", "framesInWindow": 47, "uncovered": 47, "late": 47, "cutOmitted": 44, "other": -44, "readAtPrev": {"g": "male", "s": 0.67, "ab": 0, "v": 0.834, "nm": 11.92}}
  X {"id": 39, "m0": 218.786, "prev": 217.284, "gapMs": 1502, "f": 1, "lv": "uncertain", "framesInWindow": 50, "uncovered": 43, "late": 8, "cutOmitted": 43, "other": -8, "readAtPrev": null}
  X {"id": 40, "m0": 220.987, "prev": 220.788, "gapMs": 199, "f": 0, "lv": "flag-certain", "framesInWindow": 11, "uncovered": 11, "late": 0, "cutOmitted": 0, "other": 11, "readAtPrev": {"g": "female", "s": 0.3, "ab": 0, "v": 0.349, "nm": 10.08}}
FALSECOVER {"sameGenderConfidentReads": 104, "coveredReads": 22, "why": {"timelineOnly": 1, "pendingClear": 21}}
  F {"m": 58.525, "s": 0.95, "v": 0.977, "px": 220, "coveredFrames": 18, "nearFrames": 18, "why": "pendingClear", "track": {"id": 5, "cs": 0, "fs": 0, "cm": 0, "lv": "uncertain", "f": 0, "as": 0}}
  F {"m": 59.193, "s": 0.72, "v": 0.86, "px": 170, "coveredFrames": 19, "nearFrames": 19, "why": "pendingClear", "track": {"id": 6, "cs": 0, "fs": 0, "cm": 0, "lv": "uncertain", "f": 1, "as": 0}}
  F {"m": 65.032, "s": 0.62, "v": 0.812, "px": 152, "coveredFrames": 19, "nearFrames": 19, "why": "pendingClear", "track": {"id": 5, "cs": 0, "fs": 0, "cm": 0, "lv": "uncertain", "f": 0, "as": 0}}
  F {"m": 66.934, "s": 0.77, "v": 0.884, "px": 199, "coveredFrames": 15, "nearFrames": 15, "why": "pendingClear", "track": {"id": 5, "cs": 1, "fs": 0, "cm": 120, "lv": "clear-certain", "f": 0, "as": 0}}
  F {"m": 67.567, "s": 0.58, "v": 0.791, "px": 376, "coveredFrames": 14, "nearFrames": 14, "why": "pendingClear", "track": {"id": 5, "cs": 1, "fs": 0, "cm": 120, "lv": "clear-certain", "f": 0, "as": 0}}
  F {"m": 71.638, "s": 0.96, "v": 0.978, "px": 236, "coveredFrames": 20, "nearFrames": 20, "why": "pendingClear", "track": {"id": 5, "cs": 0, "fs": 0, "cm": 0, "lv": "uncertain", "f": 1, "as": 0}}
  F {"m": 75.942, "s": 0.9, "v": 0.95, "px": 296, "coveredFrames": 18, "nearFrames": 18, "why": "pendingClear", "track": {"id": 5, "cs": 0, "fs": 0, "cm": 0, "lv": "uncertain", "f": 0, "as": 0}}
  F {"m": 75.942, "s": 0.93, "v": 0.967, "px": 190, "coveredFrames": 18, "nearFrames": 18, "why": "pendingClear", "track": {"id": 5, "cs": 0, "fs": 0, "cm": 0, "lv": "uncertain", "f": 0, "as": 0}}
  F {"m": 102.102, "s": 0.92, "v": 0.958, "px": 209, "coveredFrames": 6, "nearFrames": 19, "why": "pendingClear", "track": {"id": 13, "cs": 0, "fs": 0, "cm": 0, "lv": "uncertain", "f": 0, "as": 0}}
  F {"m": 110.21, "s": 0.77, "v": 0.884, "px": 182, "coveredFrames": 16, "nearFrames": 16, "why": "pendingClear", "track": {"id": 13, "cs": 0, "fs": 0, "cm": 0, "lv": "uncertain", "f": 1, "as": 0}}
  F {"m": 134.235, "s": 0.88, "v": 0.94, "px": 172, "coveredFrames": 5, "nearFrames": 16, "why": "timelineOnly", "track": {"id": 17, "st": "cleared"}}
  F {"m": 162.896, "s": 0.73, "v": 0.867, "px": 314, "coveredFrames": 14, "nearFrames": 14, "why": "pendingClear", "track": {"id": 22, "cs": 0, "fs": 0, "cm": 0, "lv": "uncertain", "f": 0, "as": 0}}
  F {"m": 176.976, "s": 0.6, "v": 0.798, "px": 120, "coveredFrames": 7, "nearFrames": 20, "why": "pendingClear", "track": {"id": 27, "cs": 0, "fs": 0, "cm": 0, "lv": "uncertain", "f": 0, "as": 0}}
  F {"m": 189.155, "s": 0.48, "v": 0.739, "px": 103, "coveredFrames": 12, "nearFrames": 12, "why": "pendingClear", "track": {"id": 30, "cs": 0, "fs": 0, "cm": 0, "lv": "uncertain", "f": 1, "as": 0}}
  F {"m": 191.891, "s": 0.65, "v": 0.824, "px": 206, "coveredFrames": 11, "nearFrames": 21, "why": "pendingClear", "track": {"id": 32, "cs": 0, "fs": 0, "cm": 0, "lv": "uncertain", "f": 0, "as": 0}}
  F {"m": 193.793, "s": 0.5, "v": 0.752, "px": 263, "coveredFrames": 16, "nearFrames": 16, "why": "pendingClear", "track": {"id": 32, "cs": 0, "fs": 0, "cm": 0, "lv": "uncertain", "f": 0, "as": 0}}
  F {"m": 199.032, "s": 0.54, "v": 0.771, "px": 224, "coveredFrames": 11, "nearFrames": 17, "why": "pendingClear", "track": {"id": 32, "cs": 0, "fs": 0, "cm": 0, "lv": "uncertain", "f": 0, "as": 0}}
  F {"m": 202.97, "s": 0.7, "v": 0.85, "px": 206, "coveredFrames": 6, "nearFrames": 21, "why": "pendingClear", "track": {"id": 35, "cs": 0, "fs": 0, "cm": 0, "lv": "uncertain", "f": 0, "as": 0}}
  F {"m": 204.805, "s": 0.55, "v": 0.773, "px": 167, "coveredFrames": 20, "nearFrames": 20, "why": "pendingClear", "track": {"id": 36, "cs": 0, "fs": 0, "cm": 0, "lv": "uncertain", "f": 0, "as": 0}}
  F {"m": 205.172, "s": 0.73, "v": 0.865, "px": 135, "coveredFrames": 14, "nearFrames": 14, "why": "pendingClear", "track": {"id": 36, "cs": 0, "fs": 0, "cm": 0, "lv": "uncertain", "f": 1, "as": 0}}
  F {"m": 207.074, "s": 0.49, "v": 0.744, "px": 129, "coveredFrames": 6, "nearFrames": 6, "why": "pendingClear", "track": {"id": 36, "cs": 1, "fs": 0, "cm": 1000, "lv": "clear-certain", "f": 0, "as": 0}}
  F {"m": 222.489, "s": 0.54, "v": 0.771, "px": 186, "coveredFrames": 13, "nearFrames": 19, "why": "pendingClear", "track": {"id": 40, "cs": 0, "fs": 0, "cm": 0, "lv": "flag-certain", "f": 0, "as": 0}}
banked Z:\Apps\Disconnect\spikes\gauntlet\events-v1096f.json
EXIT=0
