ARM {"t":55,"bundle":"9cc6cb8-dirty"}
SUMMARY {"frames": 7125, "framesWithPatch": 4207, "lateFrames": 1434, "snapshots": 316, "reads": 251, "cuts": 43, "phantom": {"blurredTrackPasses": 212, "coastingPasses": 62, "coastMsP50": 867, "coastMsP95": 1852, "coastMsMax": 3034, "abstainedReads": 44}, "lifeDelta": {"cutDetected": 43, "passDropped": 26, "nullDropped": 5, "nullMintedHeld": 0, "delayVerdictLate": 0, "birthFresh": 21, "birthContended": 6, "birthNearMiss": 6, "coastExpired": 19, "wipeErased": 7, "wipeErasedBlurred": 13, "personPassSkipped": 74, "positionPassSkipped": 2, "genderReadSkipped": 0, "readAbstain": 83, "readClearCertain": 86, "readUncertain": 33, "bodyClampFired": 16, "faceNoShape": 2, "memClear": 64, "memHit": 0, "memMiss": 0, "memStore": 0, "memInstant": 0, "birthCleared": 10, "birthBlurred": 23, "nullMatched": 12, "cutCoastExpired": 14}, "slots": [0, 0, 0, 0, 0, 0, 0, 0, 0, 0, 0, 0, 0, 0, 2, 0, 0, 0, 0, 0, 2, 2, 2, 2, 2, 1, 2, 2, 2, 2, 2, 4, 4, 3, 2, 1, 1, 1, 1, 1], "nativeDead": null, "delayMs": 1000}
EXPOSURE {"births": 23, "birthsWithUncoveredFrames": 12, "uncoveredFramesTotal": 281, "late": 281, "cutOmitted": 227, "other": -227, "readAtPrevRefused": 16}
  X {"id": 5, "m0": 55.589, "prev": 25.325, "gapMs": 30264, "f": 1, "lv": "uncertain", "framesInWindow": 124, "uncovered": 97, "late": 97, "cutOmitted": 97, "other": -97, "readAtPrev": {"g": "male", "s": 0.93, "ab": 0, "v": 0.967, "nm": 13.13}}
  X {"id": 12, "m0": 107.875, "prev": 107.574, "gapMs": 301, "f": 0, "lv": "clear-certain", "framesInWindow": 12, "uncovered": 11, "late": 11, "cutOmitted": 0, "other": 0, "readAtPrev": {"g": "male", "s": 0.69, "ab": 0, "v": 0.844, "nm": 11.23}}
  X {"id": 16, "m0": 132.733, "prev": 131.799, "gapMs": 934, "f": 0, "lv": "uncertain", "framesInWindow": 21, "uncovered": 1, "late": 1, "cutOmitted": 0, "other": 0, "readAtPrev": {"g": "male", "s": 0.88, "ab": 0, "v": 0.939, "nm": 11.18}}
  X {"id": 20, "m0": 159.526, "prev": 158.759, "gapMs": 767, "f": 1, "lv": "uncertain", "framesInWindow": 38, "uncovered": 9, "late": 9, "cutOmitted": 9, "other": -9, "readAtPrev": {"g": "male", "s": 0.5, "ab": 0, "v": 0.752, "nm": 11.35}}
  X {"id": 22, "m0": 170.003, "prev": 169.203, "gapMs": 800, "f": 1, "lv": "uncertain", "framesInWindow": 36, "uncovered": 31, "late": 31, "cutOmitted": 0, "other": 0, "readAtPrev": {"g": "male", "s": 0.8, "ab": 0, "v": 0.898, "nm": 11.76}}
  X {"id": 24, "m0": 177.01, "prev": 176.676, "gapMs": 334, "f": 1, "lv": "uncertain", "framesInWindow": 15, "uncovered": 9, "late": 9, "cutOmitted": 0, "other": 0, "readAtPrev": {"g": "male", "s": 0.65, "ab": 0, "v": 0.823, "nm": 12.36}}
  X {"id": 27, "m0": 187.854, "prev": 186.687, "gapMs": 1167, "f": 1, "lv": "uncertain", "framesInWindow": 44, "uncovered": 23, "late": 23, "cutOmitted": 23, "other": -23, "readAtPrev": null}
  X {"id": 28, "m0": 190.457, "prev": 189.723, "gapMs": 734, "f": 0, "lv": "uncertain", "framesInWindow": 32, "uncovered": 32, "late": 32, "cutOmitted": 31, "other": -31, "readAtPrev": {"g": "male", "s": 0.67, "ab": 0, "v": 0.837, "nm": 11.78}}
  X {"id": 29, "m0": 190.457, "prev": 189.723, "gapMs": 734, "f": 0, "lv": "uncertain", "framesInWindow": 32, "uncovered": 32, "late": 32, "cutOmitted": 31, "other": -31, "readAtPrev": {"g": "male", "s": 0.67, "ab": 0, "v": 0.837, "nm": 11.78}}
  X {"id": 32, "m0": 202.603, "prev": 201.769, "gapMs": 834, "f": 1, "lv": "uncertain", "framesInWindow": 39, "uncovered": 6, "late": 6, "cutOmitted": 6, "other": -6, "readAtPrev": null}
  X {"id": 34, "m0": 215.849, "prev": 215.048, "gapMs": 801, "f": 1, "lv": "uncertain", "framesInWindow": 36, "uncovered": 6, "late": 6, "cutOmitted": 6, "other": -6, "readAtPrev": null}
  X {"id": 35, "m0": 218.852, "prev": 217.584, "gapMs": 1268, "f": 1, "lv": "uncertain", "framesInWindow": 49, "uncovered": 24, "late": 24, "cutOmitted": 24, "other": -24, "readAtPrev": null}
FALSECOVER {"sameGenderConfidentReads": 117, "coveredReads": 30, "why": {"pendingClear": 25, "timelineOnly": 5}}
  F {"m": 57.891, "s": 0.88, "v": 0.942, "px": 212, "coveredFrames": 26, "nearFrames": 26, "why": "pendingClear", "track": {"id": 5, "cs": 0, "fs": 0, "cm": 0, "lv": "uncertain", "f": 1, "as": 0}}
  F {"m": 59.193, "s": 0.53, "v": 0.764, "px": 170, "coveredFrames": 26, "nearFrames": 26, "why": "pendingClear", "track": {"id": 6, "cs": 1, "fs": 0, "cm": 0, "lv": "clear-certain", "f": 1, "as": 0}}
  F {"m": 66.667, "s": 0.88, "v": 0.939, "px": 226, "coveredFrames": 12, "nearFrames": 12, "why": "pendingClear", "track": {"id": 6, "cs": 0, "fs": 0, "cm": 0, "lv": "uncertain", "f": 0, "as": 0}}
  F {"m": 71.571, "s": 0.9, "v": 0.952, "px": 152, "coveredFrames": 7, "nearFrames": 7, "why": "pendingClear", "track": {"id": 5, "cs": 0, "fs": 0, "cm": 0, "lv": "uncertain", "f": 1, "as": 0}}
  F {"m": 72.572, "s": 0.71, "v": 0.857, "px": 163, "coveredFrames": 19, "nearFrames": 19, "why": "pendingClear", "track": {"id": 7, "cs": 0, "fs": 0, "cm": 0, "lv": "uncertain", "f": 1, "as": 0}}
  F {"m": 77.611, "s": 0.91, "v": 0.957, "px": 277, "coveredFrames": 6, "nearFrames": 6, "why": "pendingClear", "track": {"id": 7, "cs": 0, "fs": 0, "cm": 0, "lv": "uncertain", "f": 0, "as": 0}}
  F {"m": 77.611, "s": 0.92, "v": 0.958, "px": 178, "coveredFrames": 6, "nearFrames": 6, "why": "pendingClear", "track": {"id": 7, "cs": 0, "fs": 0, "cm": 0, "lv": "uncertain", "f": 0, "as": 0}}
  F {"m": 78.612, "s": 0.91, "v": 0.956, "px": 180, "coveredFrames": 7, "nearFrames": 7, "why": "pendingClear", "track": {"id": 5, "cs": 1, "fs": 0, "cm": 0, "lv": "uncertain", "f": 0, "as": 0}}
  F {"m": 88.722, "s": 0.96, "v": 0.978, "px": 207, "coveredFrames": 3, "nearFrames": 14, "why": "timelineOnly", "track": {"id": 5, "st": "cleared"}}
  F {"m": 91.424, "s": 0.45, "v": 0.724, "px": 133, "coveredFrames": 13, "nearFrames": 13, "why": "pendingClear", "track": {"id": 5, "cs": 0, "fs": 0, "cm": 0, "lv": "uncertain", "f": 1, "as": 0}}
  F {"m": 97.931, "s": 0.57, "v": 0.786, "px": 200, "coveredFrames": 26, "nearFrames": 26, "why": "pendingClear", "track": {"id": 8, "cs": 0, "fs": 0, "cm": 0, "lv": "uncertain", "f": 1, "as": 0}}
  F {"m": 105.506, "s": 0.84, "v": 0.918, "px": 107, "coveredFrames": 21, "nearFrames": 21, "why": "timelineOnly", "track": {"id": 10, "st": "cleared"}}
  F {"m": 110.21, "s": 0.84, "v": 0.922, "px": 182, "coveredFrames": 13, "nearFrames": 13, "why": "pendingClear", "track": {"id": 11, "cs": 0, "fs": 0, "cm": 0, "lv": "uncertain", "f": 1, "as": 0}}
  F {"m": 118.385, "s": 0.75, "v": 0.876, "px": 146, "coveredFrames": 15, "nearFrames": 21, "why": "timelineOnly", "track": {"id": 11, "st": "cleared"}}
  F {"m": 131.799, "s": 0.88, "v": 0.939, "px": 291, "coveredFrames": 6, "nearFrames": 19, "why": "timelineOnly", "track": {"id": 15, "st": "cleared"}}
  F {"m": 161.562, "s": 0.72, "v": 0.86, "px": 313, "coveredFrames": 12, "nearFrames": 12, "why": "pendingClear", "track": {"id": 20, "cs": 0, "fs": 0, "cm": 0, "lv": "uncertain", "f": 1, "as": 0}}
  F {"m": 177.01, "s": 0.58, "v": 0.79, "px": 121, "coveredFrames": 14, "nearFrames": 18, "why": "pendingClear", "track": {"id": 24, "cs": 0, "fs": 0, "cm": 0, "lv": "uncertain", "f": 1, "as": 0}}
  F {"m": 188.788, "s": 0.47, "v": 0.736, "px": 108, "coveredFrames": 17, "nearFrames": 22, "why": "pendingClear", "track": {"id": 27, "cs": 1, "fs": 0, "cm": 909, "lv": "clear-certain", "f": 1, "as": 0}}
  F {"m": 194.06, "s": 0.71, "v": 0.855, "px": 318, "coveredFrames": 9, "nearFrames": 9, "why": "pendingClear", "track": {"id": 28, "cs": 0, "fs": 0, "cm": 0, "lv": "uncertain", "f": 0, "as": 0}}
  F {"m": 194.06, "s": 0.46, "v": 0.73, "px": 185, "coveredFrames": 9, "nearFrames": 9, "why": "pendingClear", "track": {"id": 28, "cs": 0, "fs": 0, "cm": 0, "lv": "uncertain", "f": 0, "as": 0}}
  F {"m": 194.461, "s": 0.59, "v": 0.793, "px": 360, "coveredFrames": 8, "nearFrames": 8, "why": "pendingClear", "track": {"id": 29, "cs": 0, "fs": 0, "cm": 0, "lv": "uncertain", "f": 1, "as": 0}}
  F {"m": 198.531, "s": 0.54, "v": 0.772, "px": 223, "coveredFrames": 1, "nearFrames": 18, "why": "pendingClear", "track": {"id": 29, "cs": 0, "fs": 0, "cm": 0, "lv": "uncertain", "f": 0, "as": 0}}
  F {"m": 204.037, "s": 0.55, "v": 0.776, "px": 174, "coveredFrames": 15, "nearFrames": 15, "why": "pendingClear", "track": {"id": 32, "cs": 0, "fs": 0, "cm": 0, "lv": "uncertain", "f": 1, "as": 0}}
  F {"m": 204.905, "s": 0.71, "v": 0.855, "px": 129, "coveredFrames": 15, "nearFrames": 15, "why": "pendingClear", "track": {"id": 32, "cs": 0, "fs": 0, "cm": 0, "lv": "uncertain", "f": 1, "as": 0}}
  F {"m": 206.54, "s": 0.76, "v": 0.88, "px": 193, "coveredFrames": 5, "nearFrames": 23, "why": "timelineOnly", "track": {"id": 31, "st": "cleared"}}
  F {"m": 206.94, "s": 0.68, "v": 0.841, "px": 137, "coveredFrames": 16, "nearFrames": 16, "why": "pendingClear", "track": {"id": 32, "cs": 1, "fs": 0, "cm": 1000, "lv": "clear-certain", "f": 0, "as": 0}}
  F {"m": 222.456, "s": 0.71, "v": 0.854, "px": 207, "coveredFrames": 13, "nearFrames": 13, "why": "pendingClear", "track": {"id": 36, "cs": 0, "fs": 0, "cm": 0, "lv": "flag-certain", "f": 0, "as": 0}}
  F {"m": 225.726, "s": 0.55, "v": 0.777, "px": 188, "coveredFrames": 23, "nearFrames": 23, "why": "pendingClear", "track": {"id": 36, "cs": 0, "fs": 0, "cm": 0, "lv": "uncertain", "f": 0, "as": 0}}
  F {"m": 229.396, "s": 0.63, "v": 0.815, "px": 207, "coveredFrames": 21, "nearFrames": 21, "why": "pendingClear", "track": {"id": 36, "cs": 0, "fs": 0, "cm": 0, "lv": "uncertain", "f": 0, "as": 0}}
  F {"m": 229.797, "s": 0.73, "v": 0.867, "px": 200, "coveredFrames": 11, "nearFrames": 15, "why": "pendingClear", "track": {"id": 36, "cs": 0, "fs": 0, "cm": 0, "lv": "uncertain", "f": 0, "as": 0}}
banked Z:\Apps\Disconnect\spikes\gauntlet\events-v1095b.json
