ARM {"t":55,"bundle":"0e3305e"}
SUMMARY {"frames": 7025, "framesWithPatch": 4435, "lateFrames": 401, "snapshots": 295, "reads": 233, "cuts": 42, "phantom": {"blurredTrackPasses": 215, "coastingPasses": 56, "coastMsP50": 883, "coastMsP95": 1851, "coastMsMax": 2496, "abstainedReads": 39}, "lifeDelta": {"cutDetected": 42, "passDropped": 26, "nullDropped": 5, "nullMintedHeld": 0, "delayVerdictLate": 79, "birthFresh": 23, "birthContended": 8, "birthNearMiss": 6, "coastExpired": 22, "wipeErased": 7, "wipeErasedBlurred": 14, "personPassSkipped": 56, "positionPassSkipped": 0, "genderReadSkipped": 0, "readAbstain": 74, "readClearCertain": 82, "readUncertain": 41, "bodyClampFired": 2, "faceNoShape": 3, "memClear": 65, "memHit": 0, "memMiss": 0, "memStore": 0, "memInstant": 0, "birthCleared": 11, "birthBlurred": 26, "nullMatched": 8, "cutCoastExpired": 15}, "slots": [1, 2, 0, 0, 0, 0, 0, 0, 0, 0, 0, 0, 0, 2, 2, 2, 2, 2, 0, 0, 0, 0, 0, 2, 3, 2, 2, 2, 2, 2, 3, 2, 3, 4, 4, 3, 1, 1, 1, 1], "nativeDead": null, "delayMs": 1500}
EXPOSURE {"births": 26, "birthsWithUncoveredFrames": 9, "uncoveredFramesTotal": 113, "late": 61, "cutOmitted": 74, "other": -22, "readAtPrevRefused": 16}
  X {"id": 6, "m0": 55.455, "prev": 24.958, "gapMs": 30497, "f": 0, "lv": "uncertain", "framesInWindow": 20, "uncovered": 1, "late": 1, "cutOmitted": 1, "other": -1, "readAtPrev": {"g": "male", "s": 0.93, "ab": 0, "v": 0.964, "nm": 12.09}}
  X {"id": 8, "m0": 69.002, "prev": 68.101, "gapMs": 901, "f": 0, "lv": "clear-certain", "framesInWindow": 31, "uncovered": 24, "late": 4, "cutOmitted": 24, "other": -4, "readAtPrev": {"g": "male", "s": 0.63, "ab": 0, "v": 0.814, "nm": 11.39}}
  X {"id": 12, "m0": 98.232, "prev": 97.665, "gapMs": 567, "f": 0, "lv": "clear-certain", "framesInWindow": 19, "uncovered": 4, "late": 4, "cutOmitted": 0, "other": 0, "readAtPrev": {"g": "male", "s": 0.64, "ab": 0, "v": 0.821, "nm": 11.64}}
  X {"id": 13, "m0": 98.232, "prev": 97.665, "gapMs": 567, "f": 0, "lv": "flag-certain", "framesInWindow": 19, "uncovered": 4, "late": 4, "cutOmitted": 0, "other": 0, "readAtPrev": {"g": "male", "s": 0.64, "ab": 0, "v": 0.821, "nm": 11.64}}
  X {"id": 17, "m0": 124.792, "prev": 123.958, "gapMs": 834, "f": 0, "lv": "uncertain", "framesInWindow": 36, "uncovered": 3, "late": 3, "cutOmitted": 0, "other": 0, "readAtPrev": {"g": "female", "s": 0.13, "ab": 0, "v": 0.437, "nm": 10.85}}
  X {"id": 26, "m0": 170.036, "prev": 169.203, "gapMs": 833, "f": 1, "lv": "flag-certain", "framesInWindow": 29, "uncovered": 8, "late": 8, "cutOmitted": 0, "other": 0, "readAtPrev": {"g": "male", "s": 0.79, "ab": 0, "v": 0.894, "nm": 12.2}}
  X {"id": 31, "m0": 187.887, "prev": 186.987, "gapMs": 900, "f": 1, "lv": "clear-certain", "framesInWindow": 34, "uncovered": 20, "late": 0, "cutOmitted": 20, "other": 0, "readAtPrev": null}
  X {"id": 33, "m0": 190.323, "prev": 189.756, "gapMs": 567, "f": 1, "lv": "uncertain", "framesInWindow": 21, "uncovered": 20, "late": 20, "cutOmitted": 0, "other": 0, "readAtPrev": {"g": "male", "s": 0.7, "ab": 0, "v": 0.849, "nm": 11.66}}
  X {"id": 36, "m0": 202.469, "prev": 201.602, "gapMs": 867, "f": 1, "lv": "uncertain", "framesInWindow": 29, "uncovered": 29, "late": 17, "cutOmitted": 29, "other": -17, "readAtPrev": {"g": "male", "s": 0.21, "ab": 0, "v": 0.607, "nm": 11.93}}
FALSECOVER {"sameGenderConfidentReads": 99, "coveredReads": 24, "why": {"revoked": 1, "pendingClear": 18, "timelineOnly": 1, "noTrackContainsFace": 4}}
  F {"m": 58.459, "s": 0.9, "v": 0.948, "px": 220, "coveredFrames": 11, "nearFrames": 13, "why": "pendingClear", "track": {"id": 6, "cs": 0, "fs": 0, "cm": 0, "lv": "uncertain", "f": 0, "as": 0}}
  F {"m": 64.665, "s": 0.54, "v": 0.771, "px": 129, "coveredFrames": 21, "nearFrames": 21, "why": "pendingClear", "track": {"id": 6, "cs": 0, "fs": 0, "cm": 0, "lv": "uncertain", "f": 0, "as": 0}}
  F {"m": 71.538, "s": 0.96, "v": 0.98, "px": 243, "coveredFrames": 15, "nearFrames": 16, "why": "pendingClear", "track": {"id": 6, "cs": 0, "fs": 0, "cm": 0, "lv": "uncertain", "f": 1, "as": 0}}
  F {"m": 75.842, "s": 0.91, "v": 0.953, "px": 275, "coveredFrames": 16, "nearFrames": 16, "why": "pendingClear", "track": {"id": 6, "cs": 0, "fs": 0, "cm": 0, "lv": "uncertain", "f": 0, "as": 0}}
  F {"m": 75.842, "s": 0.89, "v": 0.945, "px": 188, "coveredFrames": 16, "nearFrames": 16, "why": "pendingClear", "track": {"id": 6, "cs": 0, "fs": 0, "cm": 0, "lv": "uncertain", "f": 0, "as": 0}}
  F {"m": 75.842, "s": 0.89, "v": 0.943, "px": 183, "coveredFrames": 16, "nearFrames": 16, "why": "pendingClear", "track": {"id": 6, "cs": 0, "fs": 0, "cm": 0, "lv": "uncertain", "f": 0, "as": 0}}
  F {"m": 88.188, "s": 0.94, "v": 0.971, "px": 198, "coveredFrames": 1, "nearFrames": 10, "why": "timelineOnly", "track": {"id": 6, "st": "cleared"}}
  F {"m": 97.665, "s": 0.64, "v": 0.821, "px": 185, "coveredFrames": 7, "nearFrames": 19, "why": "noTrackContainsFace", "track": null}
  F {"m": 106.073, "s": 0.87, "v": 0.935, "px": 160, "coveredFrames": 16, "nearFrames": 22, "why": "revoked", "track": {"id": 13, "cs": 0, "fs": 1, "cm": 0, "lv": "flag-certain", "f": 0, "as": 0}}
  F {"m": 110.31, "s": 0.66, "v": 0.832, "px": 183, "coveredFrames": 15, "nearFrames": 15, "why": "pendingClear", "track": {"id": 13, "cs": 0, "fs": 0, "cm": 0, "lv": "uncertain", "f": 1, "as": 0}}
  F {"m": 135.603, "s": 0.8, "v": 0.902, "px": 444, "coveredFrames": 12, "nearFrames": 12, "why": "pendingClear", "track": {"id": 17, "cs": 0, "fs": 0, "cm": 0, "lv": "uncertain", "f": 0, "as": 0}}
  F {"m": 148.983, "s": 0.64, "v": 0.821, "px": 219, "coveredFrames": 7, "nearFrames": 14, "why": "noTrackContainsFace", "track": null}
  F {"m": 150.985, "s": 0.46, "v": 0.728, "px": 124, "coveredFrames": 21, "nearFrames": 21, "why": "pendingClear", "track": {"id": 21, "cs": 0, "fs": 0, "cm": 0, "lv": "flag-certain", "f": 0, "as": 0}}
  F {"m": 158.859, "s": 0.77, "v": 0.887, "px": 171, "coveredFrames": 5, "nearFrames": 16, "why": "noTrackContainsFace", "track": null}
  F {"m": 160.794, "s": 0.76, "v": 0.881, "px": 236, "coveredFrames": 10, "nearFrames": 15, "why": "pendingClear", "track": {"id": 23, "cs": 0, "fs": 0, "cm": 0, "lv": "uncertain", "f": 0, "as": 0}}
  F {"m": 162.963, "s": 0.71, "v": 0.855, "px": 309, "coveredFrames": 20, "nearFrames": 20, "why": "pendingClear", "track": {"id": 23, "cs": 0, "fs": 0, "cm": 0, "lv": "uncertain", "f": 0, "as": 0}}
  F {"m": 177.01, "s": 0.55, "v": 0.776, "px": 121, "coveredFrames": 22, "nearFrames": 22, "why": "pendingClear", "track": {"id": 28, "cs": 0, "fs": 0, "cm": 0, "lv": "uncertain", "f": 1, "as": 0}}
  F {"m": 187.887, "s": 0.48, "v": 0.741, "px": 111, "coveredFrames": 4, "nearFrames": 26, "why": "pendingClear", "track": {"id": 31, "cs": 1, "fs": 0, "cm": 0, "lv": "clear-certain", "f": 1, "as": 0}}
  F {"m": 194.027, "s": 0.6, "v": 0.802, "px": 252, "coveredFrames": 26, "nearFrames": 26, "why": "pendingClear", "track": {"id": 33, "cs": 0, "fs": 0, "cm": 0, "lv": "uncertain", "f": 0, "as": 0}}
  F {"m": 204.238, "s": 0.88, "v": 0.94, "px": 208, "coveredFrames": 6, "nearFrames": 20, "why": "pendingClear", "track": {"id": 36, "cs": 0, "fs": 0, "cm": 0, "lv": "uncertain", "f": 0, "as": 0}}
  F {"m": 220.621, "s": 0.65, "v": 0.825, "px": 198, "coveredFrames": 6, "nearFrames": 18, "why": "noTrackContainsFace", "track": null}
  F {"m": 222.756, "s": 0.63, "v": 0.817, "px": 187, "coveredFrames": 10, "nearFrames": 17, "why": "pendingClear", "track": {"id": 41, "cs": 0, "fs": 0, "cm": 0, "lv": "flag-certain", "f": 0, "as": 0}}
  F {"m": 226.093, "s": 0.86, "v": 0.928, "px": 204, "coveredFrames": 12, "nearFrames": 15, "why": "pendingClear", "track": {"id": 42, "cs": 0, "fs": 0, "cm": 0, "lv": "uncertain", "f": 0, "as": 0}}
  F {"m": 226.093, "s": 0.87, "v": 0.934, "px": 207, "coveredFrames": 12, "nearFrames": 15, "why": "pendingClear", "track": {"id": 42, "cs": 0, "fs": 0, "cm": 0, "lv": "uncertain", "f": 0, "as": 0}}
banked Z:\Apps\Disconnect\spikes\gauntlet\events-v1096e.json
EXIT=0
