ARM {"t":55,"bundle":"312e054"}
SUMMARY {"frames": 2792, "framesWithPatch": 1888, "lateFrames": 193, "snapshots": 147, "reads": 109, "cuts": 21, "phantom": {"blurredTrackPasses": 103, "coastingPasses": 24, "coastMsP50": 1273, "coastMsP95": 2676, "coastMsMax": 2766, "abstainedReads": 19}, "lifeDelta": {"cutDetected": 21, "passDropped": 17, "nullDropped": 4, "nullMintedHeld": 0, "delayVerdictLate": 25, "birthFresh": 5, "birthContended": 7, "birthNearMiss": 0, "coastExpired": 8, "wipeErased": 3, "wipeErasedBlurred": 4, "personPassSkipped": 12, "positionPassSkipped": 1, "genderReadSkipped": 0, "readAbstain": 31, "readClearCertain": 41, "readUncertain": 13, "bodyClampFired": 0, "faceNoShape": 0, "memClear": 31, "memHit": 0, "memMiss": 0, "memStore": 0, "memInstant": 0, "birthCleared": 5, "birthBlurred": 7, "nullMatched": 4, "cutCoastExpired": 4}, "slots": [3, 0, 0, 0, 0, 0, 0, 0, 2, 2, 2, 2, 2, 2, 2, 2, 3, 3, 2, 2, 2, 4, 3, 2, 1, 1, 1, 1, 1, 1, 0, 1, 1, 1, 1, 0, 0, 0, 0, 0], "nativeDead": null, "delayMs": 1500}
EXPOSURE {"births": 7, "birthsWithUncoveredFrames": 3, "uncoveredFramesTotal": 52, "late": 20, "cutOmitted": 1, "other": 31, "readAtPrevRefused": 3}
  X {"id": 5, "m0": 55.422, "prev": 26.56, "gapMs": 28862, "f": 0, "lv": "uncertain", "framesInWindow": 9, "uncovered": 1, "late": 1, "cutOmitted": 1, "other": -1, "readAtPrev": {"g": "male", "s": 0.94, "ab": 0, "v": 0.969, "nm": 13.17}}
  X {"id": 10, "m0": 98.232, "prev": 97.564, "gapMs": 668, "f": 0, "lv": "flag-certain", "framesInWindow": 24, "uncovered": 21, "late": 15, "cutOmitted": 0, "other": 6, "readAtPrev": {"g": "male", "s": 0.67, "ab": 0, "v": 0.835, "nm": 11.43}}
  X {"id": 14, "m0": 124.858, "prev": 124.091, "gapMs": 767, "f": 0, "lv": "uncertain", "framesInWindow": 30, "uncovered": 30, "late": 4, "cutOmitted": 0, "other": 26, "readAtPrev": {"g": "female", "s": 0.25, "ab": 0, "v": 0.377, "nm": 11.36}}
FALSECOVER {"sameGenderConfidentReads": 56, "coveredReads": 17, "why": {"timelineOnly": 1, "pendingClear": 16}}
  F {"m": 57.958, "s": 0.96, "v": 0.979, "px": 230, "coveredFrames": 8, "nearFrames": 17, "why": "pendingClear", "track": {"id": 5, "cs": 0, "fs": 0, "cm": 0, "lv": "uncertain", "f": 0, "as": 0}}
  F {"m": 58.325, "s": 0.74, "v": 0.87, "px": 188, "coveredFrames": 17, "nearFrames": 17, "why": "pendingClear", "track": {"id": 6, "cs": 1, "fs": 0, "cm": 0, "lv": "clear-certain", "f": 1, "as": 0}}
  F {"m": 61.728, "s": 0.66, "v": 0.829, "px": 212, "coveredFrames": 8, "nearFrames": 14, "why": "pendingClear", "track": {"id": 6, "cs": 0, "fs": 0, "cm": 0, "lv": "uncertain", "f": 0, "as": 0}}
  F {"m": 64.965, "s": 0.57, "v": 0.783, "px": 142, "coveredFrames": 18, "nearFrames": 18, "why": "pendingClear", "track": {"id": 6, "cs": 0, "fs": 0, "cm": 0, "lv": "uncertain", "f": 0, "as": 0}}
  F {"m": 64.965, "s": 0.66, "v": 0.83, "px": 141, "coveredFrames": 18, "nearFrames": 18, "why": "pendingClear", "track": {"id": 6, "cs": 0, "fs": 0, "cm": 0, "lv": "uncertain", "f": 0, "as": 0}}
  F {"m": 68.201, "s": 0.67, "v": 0.835, "px": 375, "coveredFrames": 11, "nearFrames": 11, "why": "pendingClear", "track": {"id": 6, "cs": 0, "fs": 0, "cm": 0, "lv": "uncertain", "f": 0, "as": 0}}
  F {"m": 68.201, "s": 0.53, "v": 0.767, "px": 240, "coveredFrames": 11, "nearFrames": 11, "why": "pendingClear", "track": {"id": 6, "cs": 0, "fs": 0, "cm": 0, "lv": "uncertain", "f": 0, "as": 0}}
  F {"m": 71.371, "s": 0.94, "v": 0.972, "px": 226, "coveredFrames": 14, "nearFrames": 14, "why": "pendingClear", "track": {"id": 6, "cs": 0, "fs": 0, "cm": 0, "lv": "uncertain", "f": 1, "as": 0}}
  F {"m": 77.677, "s": 0.85, "v": 0.927, "px": 270, "coveredFrames": 13, "nearFrames": 13, "why": "pendingClear", "track": {"id": 6, "cs": 0, "fs": 0, "cm": 0, "lv": "uncertain", "f": 0, "as": 0}}
  F {"m": 77.677, "s": 0.93, "v": 0.965, "px": 190, "coveredFrames": 13, "nearFrames": 13, "why": "pendingClear", "track": {"id": 6, "cs": 0, "fs": 0, "cm": 0, "lv": "uncertain", "f": 0, "as": 0}}
  F {"m": 78.712, "s": 0.91, "v": 0.953, "px": 191, "coveredFrames": 17, "nearFrames": 17, "why": "pendingClear", "track": {"id": 8, "cs": 1, "fs": 0, "cm": 0, "lv": "uncertain", "f": 0, "as": 0}}
  F {"m": 80.514, "s": 0.87, "v": 0.936, "px": 206, "coveredFrames": 5, "nearFrames": 12, "why": "pendingClear", "track": {"id": 8, "cs": 1, "fs": 0, "cm": 0, "lv": "uncertain", "f": 0, "as": 0}}
  F {"m": 84.018, "s": 0.9, "v": 0.948, "px": 194, "coveredFrames": 4, "nearFrames": 15, "why": "timelineOnly", "track": {"id": 8, "st": "cleared"}}
  F {"m": 107.775, "s": 0.81, "v": 0.907, "px": 194, "coveredFrames": 20, "nearFrames": 20, "why": "pendingClear", "track": {"id": 11, "cs": 0, "fs": 0, "cm": 0, "lv": "uncertain", "f": 0, "as": 0}}
  F {"m": 110.277, "s": 0.83, "v": 0.916, "px": 186, "coveredFrames": 12, "nearFrames": 12, "why": "pendingClear", "track": {"id": 10, "cs": 0, "fs": 0, "cm": 0, "lv": "uncertain", "f": 0, "as": 0}}
  F {"m": 115.149, "s": 0.94, "v": 0.969, "px": 157, "coveredFrames": 12, "nearFrames": 17, "why": "pendingClear", "track": {"id": 13, "cs": 0, "fs": 0, "cm": 0, "lv": "uncertain", "f": 0, "as": 0}}
  F {"m": 136.57, "s": 0.88, "v": 0.942, "px": 425, "coveredFrames": 12, "nearFrames": 12, "why": "pendingClear", "track": {"id": 14, "cs": 0, "fs": 0, "cm": 0, "lv": "uncertain", "f": 0, "as": 0}}
banked Z:\Apps\Disconnect\spikes\gauntlet\events-v1096rel.json
