ARM {"t":55,"bundle":"33426a2"}
SUMMARY {"frames": 5985, "framesWithPatch": 3431, "lateFrames": 415, "snapshots": 268, "reads": 221, "cuts": 42, "phantom": {"blurredTrackPasses": 205, "coastingPasses": 56, "coastMsP50": 1009, "coastMsP95": 1873, "coastMsMax": 2886, "abstainedReads": 42}, "lifeDelta": {"cutDetected": 42, "passDropped": 27, "nullDropped": 6, "nullMintedHeld": 0, "delayVerdictLate": 417, "birthFresh": 25, "birthContended": 6, "birthNearMiss": 5, "coastExpired": 18, "wipeErased": 10, "wipeErasedBlurred": 17, "personPassSkipped": 61, "positionPassSkipped": 5, "genderReadSkipped": 0, "readAbstain": 80, "readClearCertain": 76, "readUncertain": 37, "bodyClampFired": 9, "faceNoShape": 2, "memClear": 58, "memHit": 0, "memMiss": 0, "memStore": 0, "memInstant": 0, "birthCleared": 12, "birthBlurred": 24, "nullMatched": 9, "cutCoastExpired": 12}, "slots": [2, 2, 2, 0, 0, 0, 0, 0, 0, 0, 0, 0, 0, 2, 2, 2, 2, 0, 0, 0, 0, 0, 2, 2, 2, 2, 3, 3, 2, 3, 2, 2, 4, 4, 3, 1, 1, 1, 1, 1], "nativeDead": null, "delayMs": 1500}
EXPOSURE {"births": 24, "birthsWithUncoveredFrames": 20, "uncoveredFramesTotal": 170, "late": 69, "cutOmitted": 150, "other": -49, "readAtPrevRefused": 14}
  X {"id": 4, "m0": 68.835, "prev": 67.734, "gapMs": 1101, "f": 0, "lv": "clear-certain", "framesInWindow": 39, "uncovered": 34, "late": 8, "cutOmitted": 33, "other": -7, "readAtPrev": {"g": "male", "s": 0.99, "ab": 0, "v": 0.993, "nm": 12.35}}
  X {"id": 5, "m0": 96.563, "prev": 95.896, "gapMs": 667, "f": 1, "lv": "uncertain", "framesInWindow": 32, "uncovered": 1, "late": 0, "cutOmitted": 0, "other": 1, "readAtPrev": null}
  X {"id": 6, "m0": 96.563, "prev": 95.896, "gapMs": 667, "f": 1, "lv": "uncertain", "framesInWindow": 32, "uncovered": 1, "late": 0, "cutOmitted": 0, "other": 1, "readAtPrev": null}
  X {"id": 8, "m0": 98.198, "prev": 97.865, "gapMs": 333, "f": 0, "lv": "flag-certain", "framesInWindow": 7, "uncovered": 1, "late": 0, "cutOmitted": 0, "other": 1, "readAtPrev": {"g": "male", "s": 0.67, "ab": 0, "v": 0.834, "nm": 11.63}}
  X {"id": 9, "m0": 98.198, "prev": 97.865, "gapMs": 333, "f": 0, "lv": "uncertain", "framesInWindow": 7, "uncovered": 1, "late": 0, "cutOmitted": 0, "other": 1, "readAtPrev": {"g": "female", "s": 0.44, "ab": 0, "v": 0.281, "nm": 11.78}}
  X {"id": 11, "m0": 125.159, "prev": 124.391, "gapMs": 768, "f": 0, "lv": "flag-certain", "framesInWindow": 27, "uncovered": 16, "late": 6, "cutOmitted": 15, "other": -5, "readAtPrev": {"g": "male", "s": 0.63, "ab": 0, "v": 0.813, "nm": 9.87}}
  X {"id": 13, "m0": 134.401, "prev": 132.967, "gapMs": 1434, "f": 0, "lv": "uncertain", "framesInWindow": 38, "uncovered": 2, "late": 2, "cutOmitted": 0, "other": 0, "readAtPrev": null}
  X {"id": 16, "m0": 149.516, "prev": 149.049, "gapMs": 467, "f": 1, "lv": "uncertain", "framesInWindow": 14, "uncovered": 1, "late": 1, "cutOmitted": 0, "other": 0, "readAtPrev": {"g": "female", "s": 0.57, "ab": 0, "v": 0.214, "nm": 10.73}}
  X {"id": 18, "m0": 159.526, "prev": 158.759, "gapMs": 767, "f": 1, "lv": "uncertain", "framesInWindow": 28, "uncovered": 23, "late": 0, "cutOmitted": 22, "other": 1, "readAtPrev": {"g": "male", "s": 0.5, "ab": 0, "v": 0.752, "nm": 11.35}}
  X {"id": 20, "m0": 170.336, "prev": 169.236, "gapMs": 1100, "f": 1, "lv": "uncertain", "framesInWindow": 37, "uncovered": 29, "late": 21, "cutOmitted": 28, "other": -20, "readAtPrev": {"g": "male", "s": 0.64, "ab": 0, "v": 0.822, "nm": 11.47}}
  X {"id": 22, "m0": 177.076, "prev": 176.676, "gapMs": 400, "f": 1, "lv": "uncertain", "framesInWindow": 18, "uncovered": 1, "late": 0, "cutOmitted": 0, "other": 1, "readAtPrev": {"g": "male", "s": 0.46, "ab": 0, "v": 0.731, "nm": 13.29}}
  X {"id": 25, "m0": 188.254, "prev": 187.054, "gapMs": 1200, "f": 1, "lv": "uncertain", "framesInWindow": 38, "uncovered": 21, "late": 5, "cutOmitted": 20, "other": -4, "readAtPrev": null}
  X {"id": 27, "m0": 190.757, "prev": 189.289, "gapMs": 1468, "f": 1, "lv": "uncertain", "framesInWindow": 39, "uncovered": 32, "late": 26, "cutOmitted": 31, "other": -25, "readAtPrev": {"g": "male", "s": 0.86, "ab": 0, "v": 0.931, "nm": 11.25}}
  X {"id": 28, "m0": 200.667, "prev": 200.067, "gapMs": 600, "f": 0, "lv": "uncertain", "framesInWindow": 12, "uncovered": 1, "late": 0, "cutOmitted": 0, "other": 1, "readAtPrev": null}
  X {"id": 29, "m0": 201.468, "prev": 200.868, "gapMs": 600, "f": 0, "lv": "uncertain", "framesInWindow": 20, "uncovered": 1, "late": 0, "cutOmitted": 0, "other": 1, "readAtPrev": null}
  X {"id": 30, "m0": 202.97, "prev": 202.369, "gapMs": 601, "f": 0, "lv": "uncertain", "framesInWindow": 19, "uncovered": 1, "late": 0, "cutOmitted": 0, "other": 1, "readAtPrev": null}
  X {"id": 31, "m0": 202.97, "prev": 202.369, "gapMs": 601, "f": 0, "lv": "uncertain", "framesInWindow": 19, "uncovered": 1, "late": 0, "cutOmitted": 0, "other": 1, "readAtPrev": null}
  X {"id": 33, "m0": 215.616, "prev": 215.048, "gapMs": 568, "f": 0, "lv": "uncertain", "framesInWindow": 20, "uncovered": 1, "late": 0, "cutOmitted": 1, "other": 0, "readAtPrev": {"g": "male", "s": 0.89, "ab": 0, "v": 0.947, "nm": 11.42}}
  X {"id": 34, "m0": 218.585, "prev": 217.584, "gapMs": 1001, "f": 1, "lv": "uncertain", "framesInWindow": 32, "uncovered": 1, "late": 0, "cutOmitted": 0, "other": 1, "readAtPrev": null}
  X {"id": 35, "m0": 220.954, "prev": 220.754, "gapMs": 200, "f": 0, "lv": "flag-certain", "framesInWindow": 6, "uncovered": 1, "late": 0, "cutOmitted": 0, "other": 1, "readAtPrev": {"g": "female", "s": 0.37, "ab": 0, "v": 0.315, "nm": 10.68}}
FALSECOVER {"sameGenderConfidentReads": 87, "coveredReads": 23, "why": {"timelineOnly": 4, "noTrackContainsFace": 1, "revoked": 1, "pendingClear": 17}}
  F {"m": 59.226, "s": 0.96, "v": 0.979, "px": 210, "coveredFrames": 7, "nearFrames": 7, "why": "pendingClear", "track": {"id": 2, "cs": 0, "fs": 0, "cm": 0, "lv": "uncertain", "f": 0, "as": 0}}
  F {"m": 61.995, "s": 0.66, "v": 0.829, "px": 187, "coveredFrames": 13, "nearFrames": 13, "why": "pendingClear", "track": {"id": 3, "cs": 0, "fs": 0, "cm": 0, "lv": "uncertain", "f": 0, "as": 0}}
  F {"m": 65.732, "s": 0.56, "v": 0.779, "px": 140, "coveredFrames": 14, "nearFrames": 14, "why": "pendingClear", "track": {"id": 3, "cs": 1, "fs": 0, "cm": 120, "lv": "clear-certain", "f": 0, "as": 0}}
  F {"m": 71.204, "s": 0.97, "v": 0.984, "px": 178, "coveredFrames": 18, "nearFrames": 18, "why": "pendingClear", "track": {"id": 3, "cs": 0, "fs": 0, "cm": 0, "lv": "uncertain", "f": 1, "as": 0}}
  F {"m": 72.305, "s": 0.68, "v": 0.842, "px": 154, "coveredFrames": 22, "nearFrames": 22, "why": "pendingClear", "track": {"id": 3, "cs": 0, "fs": 0, "cm": 0, "lv": "uncertain", "f": 1, "as": 0}}
  F {"m": 73.239, "s": 0.77, "v": 0.886, "px": 152, "coveredFrames": 1, "nearFrames": 23, "why": "timelineOnly", "track": {"id": 4, "st": "cleared"}}
  F {"m": 76.81, "s": 0.89, "v": 0.946, "px": 276, "coveredFrames": 12, "nearFrames": 12, "why": "pendingClear", "track": {"id": 4, "cs": 0, "fs": 0, "cm": 0, "lv": "uncertain", "f": 0, "as": 0}}
  F {"m": 76.81, "s": 0.89, "v": 0.944, "px": 172, "coveredFrames": 12, "nearFrames": 12, "why": "pendingClear", "track": {"id": 4, "cs": 0, "fs": 0, "cm": 0, "lv": "uncertain", "f": 0, "as": 0}}
  F {"m": 106.974, "s": 0.72, "v": 0.862, "px": 142, "coveredFrames": 13, "nearFrames": 13, "why": "pendingClear", "track": {"id": 8, "cs": 0, "fs": 0, "cm": 0, "lv": "uncertain", "f": 0, "as": 0}}
  F {"m": 106.974, "s": 0.76, "v": 0.879, "px": 351, "coveredFrames": 4, "nearFrames": 13, "why": "timelineOnly", "track": {"id": 7, "st": "cleared"}}
  F {"m": 110.644, "s": 0.91, "v": 0.953, "px": 182, "coveredFrames": 14, "nearFrames": 14, "why": "pendingClear", "track": {"id": 8, "cs": 0, "fs": 0, "cm": 0, "lv": "uncertain", "f": 1, "as": 0}}
  F {"m": 128.596, "s": 0.6, "v": 0.798, "px": 171, "coveredFrames": 12, "nearFrames": 12, "why": "pendingClear", "track": {"id": 11, "cs": 0, "fs": 0, "cm": 0, "lv": "uncertain", "f": 0, "as": 0}}
  F {"m": 134.401, "s": 0.86, "v": 0.929, "px": 252, "coveredFrames": 17, "nearFrames": 17, "why": "revoked", "track": {"id": 11, "cs": 0, "fs": 1, "cm": 0, "lv": "flag-certain", "f": 0, "as": 0}}
  F {"m": 134.401, "s": 0.69, "v": 0.847, "px": 314, "coveredFrames": 17, "nearFrames": 17, "why": "pendingClear", "track": {"id": 13, "cs": 0, "fs": 0, "cm": 0, "lv": "uncertain", "f": 0, "as": 0}}
  F {"m": 161.695, "s": 0.75, "v": 0.875, "px": 312, "coveredFrames": 15, "nearFrames": 15, "why": "timelineOnly", "track": {"id": 17, "st": "cleared"}}
  F {"m": 176.676, "s": 0.46, "v": 0.731, "px": 133, "coveredFrames": 10, "nearFrames": 18, "why": "noTrackContainsFace", "track": null}
  F {"m": 198.131, "s": 0.54, "v": 0.771, "px": 201, "coveredFrames": 12, "nearFrames": 21, "why": "timelineOnly", "track": {"id": 26, "st": "cleared"}}
  F {"m": 202.97, "s": 0.72, "v": 0.858, "px": 206, "coveredFrames": 12, "nearFrames": 12, "why": "pendingClear", "track": {"id": 30, "cs": 0, "fs": 0, "cm": 0, "lv": "uncertain", "f": 0, "as": 0}}
  F {"m": 205.105, "s": 0.78, "v": 0.892, "px": 187, "coveredFrames": 12, "nearFrames": 12, "why": "pendingClear", "track": {"id": 31, "cs": 0, "fs": 0, "cm": 0, "lv": "uncertain", "f": 0, "as": 0}}
  F {"m": 222.589, "s": 0.67, "v": 0.837, "px": 190, "coveredFrames": 11, "nearFrames": 11, "why": "pendingClear", "track": {"id": 35, "cs": 0, "fs": 0, "cm": 0, "lv": "flag-certain", "f": 0, "as": 0}}
  F {"m": 226.126, "s": 0.8, "v": 0.9, "px": 208, "coveredFrames": 8, "nearFrames": 11, "why": "pendingClear", "track": {"id": 36, "cs": 1, "fs": 0, "cm": 0, "lv": "uncertain", "f": 0, "as": 0}}
  F {"m": 229.53, "s": 0.62, "v": 0.812, "px": 186, "coveredFrames": 14, "nearFrames": 14, "why": "pendingClear", "track": {"id": 35, "cs": 0, "fs": 0, "cm": 0, "lv": "uncertain", "f": 0, "as": 0}}
  F {"m": 229.53, "s": 0.94, "v": 0.972, "px": 192, "coveredFrames": 14, "nearFrames": 14, "why": "pendingClear", "track": {"id": 35, "cs": 0, "fs": 0, "cm": 0, "lv": "uncertain", "f": 0, "as": 0}}
banked Z:\Apps\Disconnect\spikes\gauntlet\events-v1096b.json
